frescures.py:18 src.frescures: FRESCURAS:      CODIGO                                 DESCRIPCION  SHELF_LIFE
0    3000003         CORONA EXTRA BOTE H-C 24/355 ML CT       360.0
1    3000022           VICTORIA MEGA 12/1.2 L CT R LISA       360.0
2    3000050  PACIFICO LIGHT BOTE 8 PK H- C 24/355ML CT       365.0
3    3000060               BUDWEISER BOTE 6 PK 24/12 OZ       365.0
4    3000061               BUDWEISER 6 PACK 24/12 OZ CM       365.0
..       ...                                        ...         ...
264  3018199    PACIFICO SUAVE BOTE 4PKH-C 24/473 ML CT         NaN
265  3018347  Victoria Chamoy bote 6 pack 21/473 ML MAQ         NaN
266  3018373        CORONITA CERO 24 PACK 24/2130 ML NR         NaN
267  3018427            Negra Modelo Cero 6pk 12/355 NR         NaN
268  3018438     MODELO DORADA CERO 6 PACK 12/355 ML NR         NaN

[269 rows x 3 columns]
main.py:38 __main__: Proceso terminado correctamente.
frescures.py:18 src.frescures: FRESCURAS:      CODIGO                                 DESCRIPCION  SHELF LIFE
0    3000003         CORONA EXTRA BOTE H-C 24/355 ML CT         360
1    3000022           VICTORIA MEGA 12/1.2 L CT R LISA         360
2    3000050  PACIFICO LIGHT BOTE 8 PK H- C 24/355ML CT         365
3    3000060               BUDWEISER BOTE 6 PK 24/12 OZ         365
4    3000061               BUDWEISER 6 PACK 24/12 OZ CM         365
..       ...                                        ...         ...
235  3018199    PACIFICO SUAVE BOTE 4PKH-C 24/473 ML CT         360
236  3018347  Victoria Chamoy bote 6 pack 21/473 ML MAQ         360
237  3018373        CORONITA CERO 24 PACK 24/2130 ML NR         360
238  3018427            Negra Modelo Cero 6pk 12/355 NR         180
239  3018438     MODELO DORADA CERO 6 PACK 12/355 ML NR         180

[240 rows x 3 columns]
main.py:38 __main__: Proceso terminado correctamente.
frescures.py:20 src.frescures: FRESCURAS:      CODIGO                                 DESCRIPCION  SHELF LIFE
0    3000003         CORONA EXTRA BOTE H-C 24/355 ML CT         360
1    3000022           VICTORIA MEGA 12/1.2 L CT R LISA         360
2    3000050  PACIFICO LIGHT BOTE 8 PK H- C 24/355ML CT         365
3    3000060               BUDWEISER BOTE 6 PK 24/12 OZ         365
4    3000061               BUDWEISER 6 PACK 24/12 OZ CM         365
..       ...                                        ...         ...
235  3018199    PACIFICO SUAVE BOTE 4PKH-C 24/473 ML CT         360
236  3018347  Victoria Chamoy bote 6 pack 21/473 ML MAQ         360
237  3018373        CORONITA CERO 24 PACK 24/2130 ML NR         360
238  3018427            Negra Modelo Cero 6pk 12/355 NR         180
239  3018438     MODELO DORADA CERO 6 PACK 12/355 ML NR         180

[240 rows x 3 columns]
main.py:38 __main__: Proceso terminado correctamente.
frescures.py:31 src.frescures: VALIDAS: <re.Match object; span=(0, 4), match='J045'>
frescures.py:31 src.frescures: VALIDAS: <re.Match object; span=(0, 4), match='L315'>
frescures.py:31 src.frescures: VALIDAS: <re.Match object; span=(0, 4), match='F135'>
frescures.py:31 src.frescures: VALIDAS: <re.Match object; span=(0, 4), match='J265'>
frescures.py:31 src.frescures: VALIDAS: None
main.py:38 __main__: Proceso terminado correctamente.
frescures.py:31 src.frescures: VALIDAS: <re.Match object; span=(0, 4), match='J045'>
frescures.py:31 src.frescures: VALIDAS: <re.Match object; span=(0, 4), match='L315'>
frescures.py:31 src.frescures: VALIDAS: <re.Match object; span=(0, 4), match='F135'>
frescures.py:31 src.frescures: VALIDAS: <re.Match object; span=(0, 4), match='J265'>
frescures.py:31 src.frescures: VALIDAS: None
main.py:38 __main__: Proceso terminado correctamente.
frescures.py:31 src.frescures: VALIDAS: None
frescures.py:31 src.frescures: VALIDAS: <re.Match object; span=(0, 4), match='L315'>
frescures.py:31 src.frescures: VALIDAS: <re.Match object; span=(0, 4), match='F135'>
frescures.py:31 src.frescures: VALIDAS: <re.Match object; span=(0, 4), match='J265'>
frescures.py:31 src.frescures: VALIDAS: None
main.py:38 __main__: Proceso terminado correctamente.
main.py:40 __main__: Error en el proceso de generación del modelo: {e}
Traceback (most recent call last):
  File "C:\automatizer\main.py", line 36, in <module>
    automatizer = Automatizer(SHELF_TIMES, PROJECT_ROOT)
  File "C:\automatizer\src\frescures.py", line 16, in __init__
    self.get_dates()
    ^^^^^^^^^^^^^^
AttributeError: 'Automatizer' object has no attribute 'get_dates'
main.py:38 __main__: Proceso terminado correctamente.
main.py:38 __main__: Proceso terminado correctamente.
main.py:38 __main__: Proceso terminado correctamente.
frescures.py:32 src.frescures: VALIDAS: None
frescures.py:32 src.frescures: VALIDAS: <re.Match object; span=(0, 4), match='L315'>
frescures.py:32 src.frescures: VALIDAS: <re.Match object; span=(0, 4), match='F135'>
frescures.py:32 src.frescures: VALIDAS: <re.Match object; span=(0, 4), match='J265'>
frescures.py:32 src.frescures: VALIDAS: None
main.py:38 __main__: Proceso terminado correctamente.
frescures.py:44 src.frescures: Error al convertir 'J345': Fecha inválida desde 'J345': day 34 must be in range 1..31 for month 10 in year 2025
frescures.py:44 src.frescures: Error al convertir 'M085': Fecha inválida desde 'M085': month must be in 1..12, not 13
frescures.py:50 src.frescures: Fechas convertidas: ['31/12/2025', '13/06/2025', '26/10/2025']
main.py:38 __main__: Proceso terminado correctamente.
main.py:40 __main__: Error en el proceso de generación del modelo: {e}
Traceback (most recent call last):
  File "C:\automatizer\utils\utils.py", line 25, in frescure_to_date
    dt = datetime(year, mes, dia)
ValueError: day 34 must be in range 1..31 for month 10 in year 2025

The above exception was the direct cause of the following exception:

Traceback (most recent call last):
  File "C:\automatizer\main.py", line 36, in <module>
    automatizer = Automatizer(SHELF_TIMES, PROJECT_ROOT)
  File "C:\automatizer\src\frescures.py", line 17, in __init__
    self.validate_dates_test()
    ~~~~~~~~~~~~~~~~~~~~~~~~^^
  File "C:\automatizer\src\frescures.py", line 47, in validate_dates_test
    fechas = self.get_dates(frescuras_ejemplos)
  File "C:\automatizer\src\frescures.py", line 41, in get_dates
    fecha = frescure_to_date(frescura)
  File "C:\automatizer\utils\utils.py", line 27, in frescure_to_date
    raise ValueError(f"Fecha inválida desde '{frescure}': {e}") from e
ValueError: Fecha inválida desde 'J345': day 34 must be in range 1..31 for month 10 in year 2025
main.py:40 __main__: Error en el proceso de generación del modelo: {e}
Traceback (most recent call last):
  File "C:\automatizer\main.py", line 36, in <module>
    automatizer = Automatizer(SHELF_TIMES, PROJECT_ROOT)
  File "C:\automatizer\src\frescures.py", line 17, in __init__
    self.validate_dates_test()
    ~~~~~~~~~~~~~~~~~~~~~~~~^^
  File "C:\automatizer\src\frescures.py", line 44, in validate_dates_test
    fechas = self.get_dates(frescuras_ejemplos)
  File "C:\automatizer\src\frescures.py", line 38, in get_dates
    fecha = frescure_to_date(valid)
  File "C:\automatizer\utils\utils.py", line 18, in frescure_to_date
    dia = int(frescure[1:3])
ValueError: invalid literal for int() with base 10: 'on'
frescures.py:37 src.frescures: VALIDOS: None
main.py:40 __main__: Error en el proceso de generación del modelo: {e}
Traceback (most recent call last):
  File "C:\automatizer\main.py", line 36, in <module>
    automatizer = Automatizer(SHELF_TIMES, PROJECT_ROOT)
  File "C:\automatizer\src\frescures.py", line 17, in __init__
    self.validate_dates_test()
    ~~~~~~~~~~~~~~~~~~~~~~~~^^
  File "C:\automatizer\src\frescures.py", line 45, in validate_dates_test
    fechas = self.get_dates(frescuras_ejemplos)
  File "C:\automatizer\src\frescures.py", line 38, in get_dates
    fecha = frescure_to_date(valid)
  File "C:\automatizer\utils\utils.py", line 18, in frescure_to_date
    dia = int(frescure[1:3])
ValueError: invalid literal for int() with base 10: 'on'
frescures.py:37 src.frescures: VALIDOS: None
main.py:40 __main__: Error en el proceso de generación del modelo: {e}
Traceback (most recent call last):
  File "C:\automatizer\main.py", line 36, in <module>
    automatizer = Automatizer(SHELF_TIMES, PROJECT_ROOT)
  File "C:\automatizer\src\frescures.py", line 17, in __init__
    self.validate_dates_test()
    ~~~~~~~~~~~~~~~~~~~~~~~~^^
  File "C:\automatizer\src\frescures.py", line 45, in validate_dates_test
    fechas = self.get_dates(frescuras_ejemplos)
  File "C:\automatizer\src\frescures.py", line 38, in get_dates
    fecha = frescure_to_date(valid)
  File "C:\automatizer\utils\utils.py", line 17, in frescure_to_date
    letra = frescure[0].upper()
            ~~~~~~~~^^^
TypeError: 'NoneType' object is not subscriptable
frescures.py:37 src.frescures: VALIDOS: None
main.py:40 __main__: Error en el proceso de generación del modelo: {e}
Traceback (most recent call last):
  File "C:\automatizer\main.py", line 36, in <module>
    automatizer = Automatizer(SHELF_TIMES, PROJECT_ROOT)
  File "C:\automatizer\src\frescures.py", line 17, in __init__
    self.validate_dates_test()
    ~~~~~~~~~~~~~~~~~~~~~~~~^^
  File "C:\automatizer\src\frescures.py", line 45, in validate_dates_test
    fechas = self.get_dates(frescuras_ejemplos)
  File "C:\automatizer\src\frescures.py", line 38, in get_dates
    fecha = frescure_to_date(valid)
  File "C:\automatizer\utils\utils.py", line 21, in frescure_to_date
    letra = frescure[0].upper()
            ~~~~~~~~^^^
IndexError: list index out of range
frescures.py:37 src.frescures: VALIDOS: None
main.py:40 __main__: Error en el proceso de generación del modelo: {e}
Traceback (most recent call last):
  File "C:\automatizer\main.py", line 36, in <module>
    automatizer = Automatizer(SHELF_TIMES, PROJECT_ROOT)
  File "C:\automatizer\src\frescures.py", line 17, in __init__
    self.validate_dates_test()
    ~~~~~~~~~~~~~~~~~~~~~~~~^^
  File "C:\automatizer\src\frescures.py", line 45, in validate_dates_test
    fechas = self.get_dates(frescuras_ejemplos)
  File "C:\automatizer\src\frescures.py", line 38, in get_dates
    fecha = frescure_to_date(valid)
  File "C:\automatizer\utils\utils.py", line 18, in frescure_to_date
    for char in frescure:
                ^^^^^^^^
TypeError: 'NoneType' object is not iterable
frescures.py:34 src.frescures: VALIDOS: None
main.py:40 __main__: Error en el proceso de generación del modelo: {e}
Traceback (most recent call last):
  File "C:\automatizer\main.py", line 36, in <module>
    automatizer = Automatizer(SHELF_TIMES, PROJECT_ROOT)
  File "C:\automatizer\src\frescures.py", line 17, in __init__
    self.validate_dates_test()
    ~~~~~~~~~~~~~~~~~~~~~~~~^^
  File "C:\automatizer\src\frescures.py", line 35, in validate_dates_test
    fecha = frescure_to_date(valid)
  File "C:\automatizer\utils\utils.py", line 18, in frescure_to_date
    for char in frescure:
                ^^^^^^^^
TypeError: 'NoneType' object is not iterable
frescures.py:34 src.frescures: VALIDOS: None
main.py:40 __main__: Error en el proceso de generación del modelo: {e}
Traceback (most recent call last):
  File "C:\automatizer\main.py", line 36, in <module>
    automatizer = Automatizer(SHELF_TIMES, PROJECT_ROOT)
  File "C:\automatizer\src\frescures.py", line 17, in __init__
    self.validate_dates_test()
    ~~~~~~~~~~~~~~~~~~~~~~~~^^
  File "C:\automatizer\src\frescures.py", line 35, in validate_dates_test
    fecha = frescure_to_date(valid)
  File "C:\automatizer\utils\utils.py", line 18, in frescure_to_date
    for char in frescure:
                ^^^^^^^^
TypeError: 'NoneType' object is not iterable
frescures.py:34 src.frescures: VALIDOS: None
main.py:40 __main__: Error en el proceso de generación del modelo: {e}
Traceback (most recent call last):
  File "C:\automatizer\main.py", line 36, in <module>
    automatizer = Automatizer(SHELF_TIMES, PROJECT_ROOT)
  File "C:\automatizer\src\frescures.py", line 17, in __init__
    self.validate_dates_test()
    ~~~~~~~~~~~~~~~~~~~~~~~~^^
  File "C:\automatizer\src\frescures.py", line 35, in validate_dates_test
    fecha = frescure_to_date(valid)
  File "C:\automatizer\utils\utils.py", line 18, in frescure_to_date
    for char in frescure:
                ^^^^^^^^
TypeError: 'NoneType' object is not iterable
frescures.py:34 src.frescures: VALIDOS: None
main.py:40 __main__: Error en el proceso de generación del modelo: {e}
Traceback (most recent call last):
  File "C:\automatizer\main.py", line 36, in <module>
    automatizer = Automatizer(SHELF_TIMES, PROJECT_ROOT)
  File "C:\automatizer\src\frescures.py", line 17, in __init__
    self.validate_dates_test()
    ~~~~~~~~~~~~~~~~~~~~~~~~^^
  File "C:\automatizer\src\frescures.py", line 35, in validate_dates_test
    fecha = frescure_to_date(valid)
  File "C:\automatizer\utils\utils.py", line 23, in frescure_to_date
    mes = ord(letra) - ord("A") + 1  # A->1 ... L->12
          ~~~^^^^^^^
TypeError: ord() expected string of length 1, but builtin_function_or_method found
frescures.py:34 src.frescures: VALIDOS: None
main.py:40 __main__: Error en el proceso de generación del modelo: {e}
Traceback (most recent call last):
  File "C:\automatizer\main.py", line 36, in <module>
    automatizer = Automatizer(SHELF_TIMES, PROJECT_ROOT)
  File "C:\automatizer\src\frescures.py", line 17, in __init__
    self.validate_dates_test()
    ~~~~~~~~~~~~~~~~~~~~~~~~^^
  File "C:\automatizer\src\frescures.py", line 35, in validate_dates_test
    fecha = frescure_to_date(valid)
  File "C:\automatizer\utils\utils.py", line 26, in frescure_to_date
    last_digit = int(frescure[3])
ValueError: invalid literal for int() with base 10: 'e'
frescures.py:34 src.frescures: VALIDOS: None
main.py:40 __main__: Error en el proceso de generación del modelo: {e}
Traceback (most recent call last):
  File "C:\automatizer\main.py", line 36, in <module>
    automatizer = Automatizer(SHELF_TIMES, PROJECT_ROOT)
  File "C:\automatizer\src\frescures.py", line 17, in __init__
    self.validate_dates_test()
    ~~~~~~~~~~~~~~~~~~~~~~~~^^
  File "C:\automatizer\src\frescures.py", line 35, in validate_dates_test
    fecha = frescure_to_date(valid)
  File "C:\automatizer\utils\utils.py", line 26, in frescure_to_date
    last_digit = int(frescure_list[2])
                     ~~~~~~~~~~~~~^^^
IndexError: list index out of range
frescures.py:34 src.frescures: VALIDOS: None
main.py:40 __main__: Error en el proceso de generación del modelo: {e}
Traceback (most recent call last):
  File "C:\automatizer\main.py", line 36, in <module>
    automatizer = Automatizer(SHELF_TIMES, PROJECT_ROOT)
  File "C:\automatizer\src\frescures.py", line 17, in __init__
    self.validate_dates_test()
    ~~~~~~~~~~~~~~~~~~~~~~~~^^
  File "C:\automatizer\src\frescures.py", line 35, in validate_dates_test
    fecha = frescure_to_date(valid)
  File "C:\automatizer\utils\utils.py", line 26, in frescure_to_date
    last_digit = frescure_list[2]
                 ~~~~~~~~~~~~~^^^
IndexError: list index out of range
frescures.py:34 src.frescures: VALIDOS: None
main.py:40 __main__: Error en el proceso de generación del modelo: {e}
Traceback (most recent call last):
  File "C:\automatizer\main.py", line 36, in <module>
    automatizer = Automatizer(SHELF_TIMES, PROJECT_ROOT)
  File "C:\automatizer\src\frescures.py", line 17, in __init__
    self.validate_dates_test()
    ~~~~~~~~~~~~~~~~~~~~~~~~^^
  File "C:\automatizer\src\frescures.py", line 35, in validate_dates_test
    fecha = frescure_to_date(valid)
  File "C:\automatizer\utils\utils.py", line 28, in frescure_to_date
    last_digit = frescure_list[2]
                 ~~~~~~~~~~~~~^^^
IndexError: list index out of range
frescures.py:34 src.frescures: VALIDOS: None
main.py:40 __main__: Error en el proceso de generación del modelo: {e}
Traceback (most recent call last):
  File "C:\automatizer\main.py", line 36, in <module>
    automatizer = Automatizer(SHELF_TIMES, PROJECT_ROOT)
  File "C:\automatizer\src\frescures.py", line 17, in __init__
    self.validate_dates_test()
    ~~~~~~~~~~~~~~~~~~~~~~~~^^
  File "C:\automatizer\src\frescures.py", line 35, in validate_dates_test
    fecha = frescure_to_date(valid)
  File "C:\automatizer\utils\utils.py", line 28, in frescure_to_date
    last_digit = frescure_list[2]
                 ~~~~~~~~~~~~~^^^
IndexError: list index out of range
frescures.py:34 src.frescures: VALIDOS: None
main.py:40 __main__: Error en el proceso de generación del modelo: {e}
Traceback (most recent call last):
  File "C:\automatizer\main.py", line 36, in <module>
    automatizer = Automatizer(SHELF_TIMES, PROJECT_ROOT)
  File "C:\automatizer\src\frescures.py", line 17, in __init__
    self.validate_dates_test()
    ~~~~~~~~~~~~~~~~~~~~~~~~^^
  File "C:\automatizer\src\frescures.py", line 35, in validate_dates_test
    fecha = frescure_to_date(valid)
  File "C:\automatizer\utils\utils.py", line 28, in frescure_to_date
    last_digit = frescure_list[2]
                 ~~~~~~~~~~~~~^^^
IndexError: list index out of range
frescures.py:34 src.frescures: VALIDAS: None
frescures.py:34 src.frescures: VALIDAS: <re.Match object; span=(0, 4), match='L315'>
frescures.py:34 src.frescures: VALIDAS: <re.Match object; span=(0, 4), match='F135'>
frescures.py:34 src.frescures: VALIDAS: <re.Match object; span=(0, 4), match='J265'>
frescures.py:34 src.frescures: VALIDAS: None
main.py:38 __main__: Proceso terminado correctamente.
frescures.py:33 src.frescures: VALIDAS: None
main.py:40 __main__: Error en el proceso de generación del modelo: {e}
Traceback (most recent call last):
  File "C:\automatizer\main.py", line 36, in <module>
    automatizer = Automatizer(SHELF_TIMES, PROJECT_ROOT)
  File "C:\automatizer\src\frescures.py", line 17, in __init__
    self.validate_dates_test()
    ~~~~~~~~~~~~~~~~~~~~~~~~^^
  File "C:\automatizer\src\frescures.py", line 38, in validate_dates_test
    fecha = frescure_to_date(valid)
  File "C:\automatizer\utils\utils.py", line 28, in frescure_to_date
    last_digit = frescure_list[2]
                 ~~~~~~~~~~~~~^^^
IndexError: list index out of range
frescures.py:22 src.frescures: FRESCURAS:      CODIGO                                 DESCRIPCION  SHELF LIFE
0    3000003         CORONA EXTRA BOTE H-C 24/355 ML CT         360
1    3000022           VICTORIA MEGA 12/1.2 L CT R LISA         360
2    3000050  PACIFICO LIGHT BOTE 8 PK H- C 24/355ML CT         365
3    3000060               BUDWEISER BOTE 6 PK 24/12 OZ         365
4    3000061               BUDWEISER 6 PACK 24/12 OZ CM         365
..       ...                                        ...         ...
235  3018199    PACIFICO SUAVE BOTE 4PKH-C 24/473 ML CT         360
236  3018347  Victoria Chamoy bote 6 pack 21/473 ML MAQ         360
237  3018373        CORONITA CERO 24 PACK 24/2130 ML NR         360
238  3018427            Negra Modelo Cero 6pk 12/355 NR         180
239  3018438     MODELO DORADA CERO 6 PACK 12/355 ML NR         180

[240 rows x 3 columns]
frescures.py:33 src.frescures: VALIDAS: None
main.py:40 __main__: Error en el proceso de generación del modelo: {e}
Traceback (most recent call last):
  File "C:\automatizer\main.py", line 36, in <module>
    automatizer = Automatizer(SHELF_TIMES, PROJECT_ROOT)
  File "C:\automatizer\src\frescures.py", line 17, in __init__
    self.validate_dates_test()
    ~~~~~~~~~~~~~~~~~~~~~~~~^^
  File "C:\automatizer\src\frescures.py", line 35, in validate_dates_test
    fecha = frescure_to_date(valid)
  File "C:\automatizer\utils\utils.py", line 28, in frescure_to_date
    last_digit = frescure_list[2]
                 ~~~~~~~~~~~~~^^^
IndexError: list index out of range
frescures.py:35 src.frescures: VALIDAS: None
main.py:40 __main__: Error en el proceso de generación del modelo: {e}
Traceback (most recent call last):
  File "C:\automatizer\main.py", line 36, in <module>
    automatizer = Automatizer(SHELF_TIMES, PROJECT_ROOT)
  File "C:\automatizer\src\frescures.py", line 17, in __init__
    self.validate_dates_test()
    ~~~~~~~~~~~~~~~~~~~~~~~~^^
  File "C:\automatizer\src\frescures.py", line 37, in validate_dates_test
    fecha = frescure_to_date(valid)
  File "C:\automatizer\utils\utils.py", line 28, in frescure_to_date
    last_digit = frescure_list[2]
                 ~~~~~~~~~~~~~^^^
IndexError: list index out of range
frescures.py:35 src.frescures: VALIDAS: None
main.py:40 __main__: Error en el proceso de generación del modelo: {e}
Traceback (most recent call last):
  File "C:\automatizer\main.py", line 36, in <module>
    automatizer = Automatizer(SHELF_TIMES, PROJECT_ROOT)
  File "C:\automatizer\src\frescures.py", line 17, in __init__
    self.validate_dates_test()
    ~~~~~~~~~~~~~~~~~~~~~~~~^^
  File "C:\automatizer\src\frescures.py", line 37, in validate_dates_test
    fecha = frescure_to_date(valid)
  File "C:\automatizer\utils\utils.py", line 28, in frescure_to_date
    last_digit = frescure_list[2]
                 ~~~~~~~~~~~~~^^^
IndexError: list index out of range
frescures.py:35 src.frescures: VALIDAS: <re.Match object; span=(0, 4), match='L315'>
main.py:40 __main__: Error en el proceso de generación del modelo: {e}
Traceback (most recent call last):
  File "C:\automatizer\main.py", line 36, in <module>
    automatizer = Automatizer(SHELF_TIMES, PROJECT_ROOT)
  File "C:\automatizer\src\frescures.py", line 17, in __init__
    self.validate_dates_test()
    ~~~~~~~~~~~~~~~~~~~~~~~~^^
  File "C:\automatizer\src\frescures.py", line 37, in validate_dates_test
    fecha = frescure_to_date(valid)
  File "C:\automatizer\utils\utils.py", line 34, in frescure_to_date
    year = decade_start + last_digit
           ~~~~~~~~~~~~~^~~~~~~~~~~~
TypeError: unsupported operand type(s) for +: 'int' and 'str'
frescures.py:35 src.frescures: VALIDAS: L315
main.py:40 __main__: Error en el proceso de generación del modelo: {e}
Traceback (most recent call last):
  File "C:\automatizer\main.py", line 36, in <module>
    automatizer = Automatizer(SHELF_TIMES, PROJECT_ROOT)
  File "C:\automatizer\src\frescures.py", line 17, in __init__
    self.validate_dates_test()
    ~~~~~~~~~~~~~~~~~~~~~~~~^^
  File "C:\automatizer\src\frescures.py", line 37, in validate_dates_test
    fecha = frescure_to_date(valid)
  File "C:\automatizer\utils\utils.py", line 34, in frescure_to_date
    year = decade_start + last_digit
           ~~~~~~~~~~~~~^~~~~~~~~~~~
TypeError: unsupported operand type(s) for +: 'int' and 'str'
frescures.py:35 src.frescures: VALIDAS: L315
main.py:40 __main__: Error en el proceso de generación del modelo: {e}
Traceback (most recent call last):
  File "C:\automatizer\main.py", line 36, in <module>
    automatizer = Automatizer(SHELF_TIMES, PROJECT_ROOT)
  File "C:\automatizer\src\frescures.py", line 17, in __init__
    self.validate_dates_test()
    ~~~~~~~~~~~~~~~~~~~~~~~~^^
  File "C:\automatizer\src\frescures.py", line 37, in validate_dates_test
    fecha = frescure_to_date(frescuras)
  File "C:\automatizer\utils\utils.py", line 34, in frescure_to_date
    year = decade_start + last_digit
           ~~~~~~~~~~~~~^~~~~~~~~~~~
TypeError: unsupported operand type(s) for +: 'int' and 'str'
frescures.py:35 src.frescures: VALIDAS: L315
main.py:40 __main__: Error en el proceso de generación del modelo: {e}
Traceback (most recent call last):
  File "C:\automatizer\main.py", line 36, in <module>
    automatizer = Automatizer(SHELF_TIMES, PROJECT_ROOT)
  File "C:\automatizer\src\frescures.py", line 17, in __init__
    self.validate_dates_test()
    ~~~~~~~~~~~~~~~~~~~~~~~~^^
  File "C:\automatizer\src\frescures.py", line 37, in validate_dates_test
    fecha = frescure_to_date(frescuras)
  File "C:\automatizer\utils\utils.py", line 33, in frescure_to_date
    year = decade_start + last_digit
           ~~~~~~~~~~~~~^~~~~~~~~~~~
TypeError: unsupported operand type(s) for +: 'int' and 'str'
frescures.py:35 src.frescures: VALIDAS: L315
main.py:40 __main__: Error en el proceso de generación del modelo: {e}
Traceback (most recent call last):
  File "C:\automatizer\main.py", line 36, in <module>
    automatizer = Automatizer(SHELF_TIMES, PROJECT_ROOT)
  File "C:\automatizer\src\frescures.py", line 17, in __init__
    self.validate_dates_test()
    ~~~~~~~~~~~~~~~~~~~~~~~~^^
  File "C:\automatizer\src\frescures.py", line 37, in validate_dates_test
    fecha = frescure_to_date(frescuras)
  File "C:\automatizer\utils\utils.py", line 35, in frescure_to_date
    dt = datetime(year, mes, dia)
TypeError: 'list' object cannot be interpreted as an integer
frescures.py:35 src.frescures: VALIDAS: L315
main.py:40 __main__: Error en el proceso de generación del modelo: {e}
Traceback (most recent call last):
  File "C:\automatizer\main.py", line 36, in <module>
    automatizer = Automatizer(SHELF_TIMES, PROJECT_ROOT)
  File "C:\automatizer\src\frescures.py", line 17, in __init__
    self.validate_dates_test()
    ~~~~~~~~~~~~~~~~~~~~~~~~^^
  File "C:\automatizer\src\frescures.py", line 37, in validate_dates_test
    fecha = frescure_to_date(frescuras)
  File "C:\automatizer\utils\utils.py", line 35, in frescure_to_date
    dt = datetime(year, mes, dia)
TypeError: 'list' object cannot be interpreted as an integer
frescures.py:35 src.frescures: VALIDAS: L315
main.py:40 __main__: Error en el proceso de generación del modelo: {e}
Traceback (most recent call last):
  File "C:\automatizer\main.py", line 36, in <module>
    automatizer = Automatizer(SHELF_TIMES, PROJECT_ROOT)
  File "C:\automatizer\src\frescures.py", line 17, in __init__
    self.validate_dates_test()
    ~~~~~~~~~~~~~~~~~~~~~~~~^^
  File "C:\automatizer\src\frescures.py", line 37, in validate_dates_test
    fecha = frescure_to_date(frescuras)
  File "C:\automatizer\utils\utils.py", line 35, in frescure_to_date
    dt = datetime(year, mes, dia)
TypeError: 'str' object cannot be interpreted as an integer
frescures.py:35 src.frescures: VALIDAS: L315
main.py:40 __main__: Error en el proceso de generación del modelo: {e}
Traceback (most recent call last):
  File "C:\automatizer\main.py", line 36, in <module>
    automatizer = Automatizer(SHELF_TIMES, PROJECT_ROOT)
  File "C:\automatizer\src\frescures.py", line 17, in __init__
    self.validate_dates_test()
    ~~~~~~~~~~~~~~~~~~~~~~~~^^
  File "C:\automatizer\src\frescures.py", line 37, in validate_dates_test
    fecha = frescure_to_date(frescuras)
  File "C:\automatizer\utils\utils.py", line 28, in frescure_to_date
    dia = int(frescure_list[1:2])
TypeError: int() argument must be a string, a bytes-like object or a real number, not 'list'
frescures.py:35 src.frescures: VALIDAS: L315
frescures.py:38 src.frescures: FECHAS: 01/12/2025
frescures.py:35 src.frescures: VALIDAS: F135
frescures.py:38 src.frescures: FECHAS: 03/06/2025
frescures.py:35 src.frescures: VALIDAS: J265
frescures.py:38 src.frescures: FECHAS: 06/10/2025
main.py:38 __main__: Proceso terminado correctamente.
frescures.py:35 src.frescures: VALIDAS: L315
frescures.py:38 src.frescures: FECHAS: 
frescures.py:35 src.frescures: VALIDAS: F135
frescures.py:38 src.frescures: FECHAS: 
frescures.py:35 src.frescures: VALIDAS: J265
frescures.py:38 src.frescures: FECHAS: 
main.py:38 __main__: Proceso terminado correctamente.
frescures.py:35 src.frescures: VALIDAS: L315
frescures.py:38 src.frescures: FECHAS: 
frescures.py:35 src.frescures: VALIDAS: F135
frescures.py:38 src.frescures: FECHAS: 
frescures.py:35 src.frescures: VALIDAS: J265
frescures.py:38 src.frescures: FECHAS: 
main.py:38 __main__: Proceso terminado correctamente.
frescures.py:35 src.frescures: VALIDAS: L315
frescures.py:38 src.frescures: FECHAS: 
frescures.py:35 src.frescures: VALIDAS: F135
frescures.py:38 src.frescures: FECHAS: 
frescures.py:35 src.frescures: VALIDAS: J265
frescures.py:38 src.frescures: FECHAS: 
main.py:38 __main__: Proceso terminado correctamente.
frescures.py:35 src.frescures: VALIDAS: L315
frescures.py:38 src.frescures: FECHAS: 01/12/2025
frescures.py:35 src.frescures: VALIDAS: F135
frescures.py:38 src.frescures: FECHAS: 03/06/2025
frescures.py:35 src.frescures: VALIDAS: J265
frescures.py:38 src.frescures: FECHAS: 06/10/2025
main.py:38 __main__: Proceso terminado correctamente.
frescures.py:35 src.frescures: VALIDAS: L315
frescures.py:38 src.frescures: FECHAS: 01/12/2025
frescures.py:35 src.frescures: VALIDAS: F135
frescures.py:38 src.frescures: FECHAS: 03/06/2025
frescures.py:35 src.frescures: VALIDAS: J265
frescures.py:38 src.frescures: FECHAS: 06/10/2025
main.py:38 __main__: Proceso terminado correctamente.
frescures.py:47 src.frescures: FRRESCURAS: {'fecha_elab': '06/10/2025', 'frescura': 'J265'}
main.py:38 __main__: Proceso terminado correctamente.
frescures.py:47 src.frescures: FRRESCURAS: {'fecha_elab': '06/10/2025', 'frescura': 'J265'}
main.py:38 __main__: Proceso terminado correctamente.
main.py:40 __main__: Error en el proceso de generación del modelo: {e}
Traceback (most recent call last):
  File "/workspaces/automatizer/main.py", line 36, in <module>
    automatizer = Automatizer(SHELF_TIMES, PROJECT_ROOT)
                  ^^^^^^^^^^^^^^^^^^^^^^^^^^^^^^^^^^^^^^
  File "/workspaces/automatizer/src/frescures.py", line 17, in __init__
    self.get_dates()
  File "/workspaces/automatizer/src/frescures.py", line 46, in get_dates
    frescures = self.validate_dates_test()
                ^^^^^^^^^^^^^^^^^^^^^^^^^^
  File "/workspaces/automatizer/src/frescures.py", line 39, in validate_dates_test
    valid_frescures[i] = {
    ~~~~~~~~~~~~~~~^^^
IndexError: list assignment index out of range
main.py:40 __main__: Error en el proceso de generación del modelo: {e}
Traceback (most recent call last):
  File "/workspaces/automatizer/main.py", line 36, in <module>
    automatizer = Automatizer(SHELF_TIMES, PROJECT_ROOT)
                  ^^^^^^^^^^^^^^^^^^^^^^^^^^^^^^^^^^^^^^
  File "/workspaces/automatizer/src/frescures.py", line 17, in __init__
    self.get_dates()
  File "/workspaces/automatizer/src/frescures.py", line 45, in get_dates
    frescures = self.validate_dates_test()
                ^^^^^^^^^^^^^^^^^^^^^^^^^^
  File "/workspaces/automatizer/src/frescures.py", line 39, in validate_dates_test
    valid_frescures[frescuras] = {
    ~~~~~~~~~~~~~~~^^^^^^^^^^^
TypeError: list indices must be integers or slices, not str
main.py:40 __main__: Error en el proceso de generación del modelo: {e}
Traceback (most recent call last):
  File "/workspaces/automatizer/main.py", line 36, in <module>
    automatizer = Automatizer(SHELF_TIMES, PROJECT_ROOT)
                  ^^^^^^^^^^^^^^^^^^^^^^^^^^^^^^^^^^^^^^
  File "/workspaces/automatizer/src/frescures.py", line 17, in __init__
    self.get_dates()
  File "/workspaces/automatizer/src/frescures.py", line 46, in get_dates
    frescures = self.validate_dates_test()
                ^^^^^^^^^^^^^^^^^^^^^^^^^^
  File "/workspaces/automatizer/src/frescures.py", line 40, in validate_dates_test
    valid_frescures[fresc_ind] = {
    ~~~~~~~~~~~~~~~^^^^^^^^^^^
TypeError: list indices must be integers or slices, not str
main.py:40 __main__: Error en el proceso de generación del modelo: {e}
Traceback (most recent call last):
  File "/workspaces/automatizer/main.py", line 36, in <module>
    automatizer = Automatizer(SHELF_TIMES, PROJECT_ROOT)
                  ^^^^^^^^^^^^^^^^^^^^^^^^^^^^^^^^^^^^^^
  File "/workspaces/automatizer/src/frescures.py", line 17, in __init__
    self.get_dates()
  File "/workspaces/automatizer/src/frescures.py", line 46, in get_dates
    frescures = self.validate_dates_test()
                ^^^^^^^^^^^^^^^^^^^^^^^^^^
  File "/workspaces/automatizer/src/frescures.py", line 34, in validate_dates_test
    fresc_ind = i[frescuras]
                ~^^^^^^^^^^^
TypeError: 'int' object is not subscriptable
main.py:40 __main__: Error en el proceso de generación del modelo: {e}
Traceback (most recent call last):
  File "/workspaces/automatizer/main.py", line 36, in <module>
    automatizer = Automatizer(SHELF_TIMES, PROJECT_ROOT)
                  ^^^^^^^^^^^^^^^^^^^^^^^^^^^^^^^^^^^^^^
  File "/workspaces/automatizer/src/frescures.py", line 17, in __init__
    self.get_dates()
  File "/workspaces/automatizer/src/frescures.py", line 45, in get_dates
    frescures = self.validate_dates_test()
                ^^^^^^^^^^^^^^^^^^^^^^^^^^
  File "/workspaces/automatizer/src/frescures.py", line 34, in validate_dates_test
    frescuras[i] = frescuras
    ~~~~~~~~~^^^
TypeError: 'str' object does not support item assignment
main.py:40 __main__: Error en el proceso de generación del modelo: {e}
Traceback (most recent call last):
  File "/workspaces/automatizer/main.py", line 36, in <module>
    automatizer = Automatizer(SHELF_TIMES, PROJECT_ROOT)
                  ^^^^^^^^^^^^^^^^^^^^^^^^^^^^^^^^^^^^^^
  File "/workspaces/automatizer/src/frescures.py", line 17, in __init__
    self.get_dates()
  File "/workspaces/automatizer/src/frescures.py", line 46, in get_dates
    frescures = self.validate_dates_test()
                ^^^^^^^^^^^^^^^^^^^^^^^^^^
  File "/workspaces/automatizer/src/frescures.py", line 39, in validate_dates_test
    valid_frescures[i] = {
    ~~~~~~~~~~~~~~~^^^
IndexError: list assignment index out of range
main.py:40 __main__: Error en el proceso de generación del modelo: {e}
Traceback (most recent call last):
  File "/workspaces/automatizer/main.py", line 36, in <module>
    automatizer = Automatizer(SHELF_TIMES, PROJECT_ROOT)
                  ^^^^^^^^^^^^^^^^^^^^^^^^^^^^^^^^^^^^^^
  File "/workspaces/automatizer/src/frescures.py", line 17, in __init__
    self.get_dates()
  File "/workspaces/automatizer/src/frescures.py", line 45, in get_dates
    frescures = self.validate_dates_test()
                ^^^^^^^^^^^^^^^^^^^^^^^^^^
  File "/workspaces/automatizer/src/frescures.py", line 38, in validate_dates_test
    valid_frescures[i] = {
    ~~~~~~~~~~~~~~~^^^
IndexError: list assignment index out of range
main.py:40 __main__: Error en el proceso de generación del modelo: {e}
Traceback (most recent call last):
  File "/workspaces/automatizer/main.py", line 36, in <module>
    automatizer = Automatizer(SHELF_TIMES, PROJECT_ROOT)
                  ^^^^^^^^^^^^^^^^^^^^^^^^^^^^^^^^^^^^^^
  File "/workspaces/automatizer/src/frescures.py", line 17, in __init__
    self.get_dates()
  File "/workspaces/automatizer/src/frescures.py", line 47, in get_dates
    frescures = self.validate_dates_test()
                ^^^^^^^^^^^^^^^^^^^^^^^^^^
  File "/workspaces/automatizer/src/frescures.py", line 30, in validate_dates_test
    fresc_key = frescuras_ejemplos.index()
                ^^^^^^^^^^^^^^^^^^^^^^^^^^
TypeError: index expected at least 1 argument, got 0
main.py:40 __main__: Error en el proceso de generación del modelo: {e}
Traceback (most recent call last):
  File "/workspaces/automatizer/main.py", line 36, in <module>
    automatizer = Automatizer(SHELF_TIMES, PROJECT_ROOT)
                  ^^^^^^^^^^^^^^^^^^^^^^^^^^^^^^^^^^^^^^
  File "/workspaces/automatizer/src/frescures.py", line 18, in __init__
    self.get_dates()
  File "/workspaces/automatizer/src/frescures.py", line 47, in get_dates
    frescures = self.validate_dates_test()
                ^^^^^^^^^^^^^^^^^^^^^^^^^^
  File "/workspaces/automatizer/src/frescures.py", line 33, in validate_dates_test
    for i, frescuras in frescuras_ejemplos.index():
                        ^^^^^^^^^^^^^^^^^^^^^^^^^^
TypeError: index expected at least 1 argument, got 0
frescures.py:49 src.frescures: FRRESCURAS: {'frescura': 'L315', 'fecha_elab': '01/12/2025'}
main.py:38 __main__: Proceso terminado correctamente.
frescures.py:49 src.frescures: FRRESCURAS: [{'frescura': 'L315', 'fecha_elab': '01/12/2025'}]
main.py:38 __main__: Proceso terminado correctamente.
frescures.py:49 src.frescures: FRRESCURAS: [{'frescura': ('L315', '01/12/2025')}]
main.py:38 __main__: Proceso terminado correctamente.
main.py:40 __main__: Error en el proceso de generación del modelo: {e}
Traceback (most recent call last):
  File "/workspaces/automatizer/main.py", line 36, in <module>
    automatizer = Automatizer(SHELF_TIMES, PROJECT_ROOT)
                  ^^^^^^^^^^^^^^^^^^^^^^^^^^^^^^^^^^^^^^
  File "/workspaces/automatizer/src/frescures.py", line 18, in __init__
    self.get_dates()
  File "/workspaces/automatizer/src/frescures.py", line 51, in get_dates
    frescures = self.validate_dates_test()
                ^^^^^^^^^^^^^^^^^^^^^^^^^^
  File "/workspaces/automatizer/src/frescures.py", line 37, in validate_dates_test
    dates.append(frescuras)
    ^^^^^
UnboundLocalError: cannot access local variable 'dates' where it is not associated with a value
frescures.py:52 src.frescures: FRRESCURAS: {'frescura': ['L315', '01/12/2025']}
main.py:38 __main__: Proceso terminado correctamente.
frescures.py:52 src.frescures: FRRESCURAS: {'L315': ['L315', '01/12/2025']}
main.py:38 __main__: Proceso terminado correctamente.
frescures.py:47 src.frescures: FRRESCURAS: ['L315', '01/12/2025']
main.py:38 __main__: Proceso terminado correctamente.
frescures.py:50 src.frescures: FRRESCURAS: ['L315']
main.py:38 __main__: Proceso terminado correctamente.
main.py:40 __main__: Error en el proceso de generación del modelo: {e}
Traceback (most recent call last):
  File "/workspaces/automatizer/main.py", line 36, in <module>
    automatizer = Automatizer(SHELF_TIMES, PROJECT_ROOT)
                  ^^^^^^^^^^^^^^^^^^^^^^^^^^^^^^^^^^^^^^
  File "/workspaces/automatizer/src/frescures.py", line 18, in __init__
    self.get_dates()
  File "/workspaces/automatizer/src/frescures.py", line 49, in get_dates
    frescures = self.validate_dates_test()
                ^^^^^^^^^^^^^^^^^^^^^^^^^^
  File "/workspaces/automatizer/src/frescures.py", line 44, in validate_dates_test
    validate_frescures.append(fecha)
    ^^^^^^^^^^^^^^^^^^^^^^^^^
AttributeError: 'function' object has no attribute 'append'
main.py:40 __main__: Error en el proceso de generación del modelo: {e}
Traceback (most recent call last):
  File "/workspaces/automatizer/main.py", line 36, in <module>
    automatizer = Automatizer(SHELF_TIMES, PROJECT_ROOT)
                  ^^^^^^^^^^^^^^^^^^^^^^^^^^^^^^^^^^^^^^
  File "/workspaces/automatizer/src/frescures.py", line 18, in __init__
    self.get_dates()
  File "/workspaces/automatizer/src/frescures.py", line 49, in get_dates
    frescures = self.validate_dates_test()
                ^^^^^^^^^^^^^^^^^^^^^^^^^^
  File "/workspaces/automatizer/src/frescures.py", line 42, in validate_dates_test
    fecha = frescure_to_date(frescuras)
            ^^^^^^^^^^^^^^^^^^^^^^^^^^^
  File "/workspaces/automatizer/utils/utils.py", line 46, in frescure_to_date
    dt = datetime(year, mes, dia)
         ^^^^^^^^^^^^^^^^^^^^^^^^
ValueError: month must be in 1..12
frescures.py:50 src.frescures: FRRESCURAS: ['L315', ['01/12/2025']]
main.py:38 __main__: Proceso terminado correctamente.
main.py:40 __main__: Error en el proceso de generación del modelo: {e}
Traceback (most recent call last):
  File "/workspaces/automatizer/main.py", line 36, in <module>
    automatizer = Automatizer(SHELF_TIMES, PROJECT_ROOT)
                  ^^^^^^^^^^^^^^^^^^^^^^^^^^^^^^^^^^^^^^
  File "/workspaces/automatizer/src/frescures.py", line 18, in __init__
    self.get_dates()
  File "/workspaces/automatizer/src/frescures.py", line 49, in get_dates
    frescures = self.validate_dates_test()
                ^^^^^^^^^^^^^^^^^^^^^^^^^^
  File "/workspaces/automatizer/src/frescures.py", line 42, in validate_dates_test
    fecha = frescure_to_date(frescuras)
            ^^^^^^^^^^^^^^^^^^^^^^^^^^^
  File "/workspaces/automatizer/utils/utils.py", line 46, in frescure_to_date
    dt = datetime(year, mes, dia)
         ^^^^^^^^^^^^^^^^^^^^^^^^
ValueError: month must be in 1..12
main.py:40 __main__: Error en el proceso de generación del modelo: {e}
Traceback (most recent call last):
  File "/workspaces/automatizer/main.py", line 36, in <module>
    automatizer = Automatizer(SHELF_TIMES, PROJECT_ROOT)
                  ^^^^^^^^^^^^^^^^^^^^^^^^^^^^^^^^^^^^^^
  File "/workspaces/automatizer/src/frescures.py", line 18, in __init__
    self.get_dates()
  File "/workspaces/automatizer/src/frescures.py", line 50, in get_dates
    frescures = self.validate_dates_test()
                ^^^^^^^^^^^^^^^^^^^^^^^^^^
  File "/workspaces/automatizer/src/frescures.py", line 42, in validate_dates_test
    fecha = frescure_to_date(frescuras)
            ^^^^^^^^^^^^^^^^^^^^^^^^^^^
  File "/workspaces/automatizer/utils/utils.py", line 46, in frescure_to_date
    dt = datetime(year, mes, dia)
         ^^^^^^^^^^^^^^^^^^^^^^^^
ValueError: month must be in 1..12
frescures.py:46 src.frescures: Valid: ['L315', '01/12/2025']
frescures.py:51 src.frescures: FRRESCURAS: ['L315', '01/12/2025']
main.py:38 __main__: Proceso terminado correctamente.
frescures.py:46 src.frescures: Valid: ['L315', ['01/12/2025']]
frescures.py:51 src.frescures: FRRESCURAS: ['L315', ['01/12/2025']]
main.py:38 __main__: Proceso terminado correctamente.
frescures.py:37 src.frescures: FRRESCURAS validas: L315
frescures.py:46 src.frescures: Valid: ['L315', ['01/12/2025']]
frescures.py:54 src.frescures: FRRESCURAS: ['L315', ['01/12/2025']]
main.py:38 __main__: Proceso terminado correctamente.
frescures.py:54 src.frescures: FRRESCURAS: []
main.py:38 __main__: Proceso terminado correctamente.
frescures.py:54 src.frescures: FRRESCURAS: []
main.py:38 __main__: Proceso terminado correctamente.
frescures.py:54 src.frescures: FRRESCURAS: []
main.py:38 __main__: Proceso terminado correctamente.
frescures.py:37 src.frescures: FRRESCURAS validas: L315
main.py:40 __main__: Error en el proceso de generación del modelo: {e}
Traceback (most recent call last):
  File "/workspaces/automatizer/main.py", line 36, in <module>
    automatizer = Automatizer(SHELF_TIMES, PROJECT_ROOT)
                  ^^^^^^^^^^^^^^^^^^^^^^^^^^^^^^^^^^^^^^
  File "/workspaces/automatizer/src/frescures.py", line 18, in __init__
    self.get_dates()
  File "/workspaces/automatizer/src/frescures.py", line 53, in get_dates
    frescures = self.validate_dates_test()
                ^^^^^^^^^^^^^^^^^^^^^^^^^^
  File "/workspaces/automatizer/src/frescures.py", line 42, in validate_dates_test
    fecha = frescure_to_date(frescuras)
            ^^^^^^^^^^^^^^^^^^^^^^^^^^^
  File "/workspaces/automatizer/utils/utils.py", line 20, in frescure_to_date
    chars = frescure.count()
            ^^^^^^^^^^^^^^^^
TypeError: count() takes at least 1 argument (0 given)
frescures.py:37 src.frescures: FRRESCURAS validas: L315
frescures.py:46 src.frescures: Valid: ['L315', ['01/12/2025']]
frescures.py:54 src.frescures: FRRESCURAS: ['L315', ['01/12/2025']]
main.py:38 __main__: Proceso terminado correctamente.
frescures.py:37 src.frescures: FRRESCURAS validas: L315
frescures.py:49 src.frescures: Valid: ['J345', 'L315', 'F135', 'J265', 'M085', '01/12/2025']
frescures.py:54 src.frescures: FRRESCURAS: ['L315', []]
main.py:38 __main__: Proceso terminado correctamente.
frescures.py:37 src.frescures: FRRESCURAS validas: L315
frescures.py:37 src.frescures: FRRESCURAS validas: L315
main.py:40 __main__: Error en el proceso de generación del modelo: {e}
Traceback (most recent call last):
  File "/workspaces/automatizer/main.py", line 36, in <module>
    automatizer = Automatizer(SHELF_TIMES, PROJECT_ROOT)
                  ^^^^^^^^^^^^^^^^^^^^^^^^^^^^^^^^^^^^^^
  File "/workspaces/automatizer/src/frescures.py", line 18, in __init__
    self.get_dates()
  File "/workspaces/automatizer/src/frescures.py", line 53, in get_dates
    frescures = self.validate_dates_test()
                ^^^^^^^^^^^^^^^^^^^^^^^^^^
  File "/workspaces/automatizer/src/frescures.py", line 34, in validate_dates_test
    if validate_frescures(self.frescures_pattern, frescuras):
       ^^^^^^^^^^^^^^^^^^^^^^^^^^^^^^^^^^^^^^^^^^^^^^^^^^^^^
  File "/workspaces/automatizer/utils/utils.py", line 6, in validate_frescures
    valid_format = re.fullmatch(pattern, text)
                   ^^^^^^^^^^^^^^^^^^^^^^^^^^^
  File "/usr/local/python/3.12.1/lib/python3.12/re/__init__.py", line 172, in fullmatch
    return _compile(pattern, flags).fullmatch(string)
           ^^^^^^^^^^^^^^^^^^^^^^^^^^^^^^^^^^^^^^^^^^
TypeError: expected string or bytes-like object, got 'list'
frescures.py:37 src.frescures: FRRESCURAS validas: L315
frescures.py:49 src.frescures: Valid: ['J345', 'L315', 'F135', 'J265', 'M085', '01/12/2025']
frescures.py:54 src.frescures: FRRESCURAS: []
main.py:38 __main__: Proceso terminado correctamente.
main.py:40 __main__: Error en el proceso de generación del modelo: {e}
Traceback (most recent call last):
  File "/workspaces/automatizer/main.py", line 36, in <module>
    automatizer = Automatizer(SHELF_TIMES, PROJECT_ROOT)
                  ^^^^^^^^^^^^^^^^^^^^^^^^^^^^^^^^^^^^^^
  File "/workspaces/automatizer/src/frescures.py", line 18, in __init__
    self.get_dates()
  File "/workspaces/automatizer/src/frescures.py", line 54, in get_dates
    frescures = self.validate_dates_test()
                ^^^^^^^^^^^^^^^^^^^^^^^^^^
  File "/workspaces/automatizer/src/frescures.py", line 34, in validate_dates_test
    for frescuras in all_frescures:
TypeError: 'NoneType' object is not iterable
frescures.py:38 src.frescures: FRRESCURAS validas: L315
frescures.py:50 src.frescures: Valid: ['J345', 'L315', 'F135', 'J265', 'M085', '01/12/2025']
frescures.py:55 src.frescures: FRRESCURAS: [['J345', 'L315', 'F135', 'J265', 'M085', '01/12/2025']]
main.py:38 __main__: Proceso terminado correctamente.
frescures.py:37 src.frescures: FRRESCURAS validas: L315
frescures.py:49 src.frescures: Valid: ['J345', 'L315', 'F135', 'J265', 'M085', '01/12/2025']
frescures.py:54 src.frescures: FRRESCURAS: []
main.py:38 __main__: Proceso terminado correctamente.
frescures.py:37 src.frescures: FRRESCURAS validas: L315
frescures.py:41 src.frescures: VALIDAS: L315
frescures.py:49 src.frescures: Valid: ['J345', 'L315', 'F135', 'J265', 'M085', '01/12/2025']
frescures.py:54 src.frescures: FRRESCURAS: ['L315']
main.py:38 __main__: Proceso terminado correctamente.
frescures.py:34 src.frescures: J345
frescures.py:34 src.frescures: L315
frescures.py:38 src.frescures: FRRESCURAS validas: L315
frescures.py:42 src.frescures: VALIDAS: L315
frescures.py:34 src.frescures: F135
frescures.py:34 src.frescures: J265
frescures.py:34 src.frescures: M085
frescures.py:34 src.frescures: 01/12/2025
frescures.py:50 src.frescures: Valid: ['J345', 'L315', 'F135', 'J265', 'M085', '01/12/2025']
frescures.py:55 src.frescures: FRRESCURAS: ['L315']
main.py:38 __main__: Proceso terminado correctamente.
frescures.py:34 src.frescures: J345, elementos: 4
frescures.py:34 src.frescures: L315, elementos: 4
frescures.py:38 src.frescures: FRRESCURAS validas: L315
frescures.py:42 src.frescures: VALIDAS: L315
frescures.py:34 src.frescures: F135, elementos: 4
frescures.py:34 src.frescures: J265, elementos: 4
frescures.py:34 src.frescures: M085, elementos: 4
frescures.py:34 src.frescures: 01/12/2025, elementos: 10
frescures.py:50 src.frescures: Valid: ['J345', 'L315', 'F135', 'J265', 'M085', '01/12/2025']
frescures.py:55 src.frescures: FRRESCURAS: ['L315']
main.py:38 __main__: Proceso terminado correctamente.
frescures.py:34 src.frescures:  Frescuras iniciales: J345, elementos: 4
frescures.py:34 src.frescures:  Frescuras iniciales: L315, elementos: 4
frescures.py:38 src.frescures: FRRESCURAS validas: L315
frescures.py:42 src.frescures: VALIDAS: L315
frescures.py:34 src.frescures:  Frescuras iniciales: F135, elementos: 4
frescures.py:34 src.frescures:  Frescuras iniciales: J265, elementos: 4
frescures.py:34 src.frescures:  Frescuras iniciales: M085, elementos: 4
frescures.py:34 src.frescures:  Frescuras iniciales: 01/12/2025, elementos: 10
frescures.py:50 src.frescures: Valid: ['J345', 'L315', 'F135', 'J265', 'M085', '01/12/2025']
frescures.py:55 src.frescures: FRRESCURAS: ['L315']
main.py:38 __main__: Proceso terminado correctamente.
frescures.py:34 src.frescures:  Frescuras iniciales: J345, elementos: 4
frescures.py:34 src.frescures:  Frescuras iniciales: L315, elementos: 4
frescures.py:38 src.frescures: FRRESCURAS validas: L315
frescures.py:42 src.frescures: VALIDAS: L315
frescures.py:34 src.frescures:  Frescuras iniciales: F135, elementos: 4
frescures.py:34 src.frescures:  Frescuras iniciales: J265, elementos: 4
frescures.py:34 src.frescures:  Frescuras iniciales: M085, elementos: 4
frescures.py:50 src.frescures: Valid: ['L315', []]
frescures.py:55 src.frescures: FRRESCURAS: ['L315', []]
main.py:38 __main__: Proceso terminado correctamente.
frescures.py:34 src.frescures:  Frescuras iniciales: J345, elementos: 4
frescures.py:34 src.frescures:  Frescuras iniciales: L315, elementos: 4
frescures.py:39 src.frescures: FRRESCURAS validas: L315
frescures.py:43 src.frescures: VALIDAS: L315
frescures.py:34 src.frescures:  Frescuras iniciales: F135, elementos: 4
frescures.py:34 src.frescures:  Frescuras iniciales: J265, elementos: 4
frescures.py:34 src.frescures:  Frescuras iniciales: M085, elementos: 4
frescures.py:49 src.frescures: Valid: ['L315', []]
frescures.py:54 src.frescures: FRRESCURAS: ['L315', []]
main.py:38 __main__: Proceso terminado correctamente.
frescures.py:34 src.frescures:  Frescuras iniciales: J345, elementos: 4
frescures.py:36 src.frescures: Frescura no valida: J345
frescures.py:39 src.frescures: FRRESCURAS validas: J345
frescures.py:43 src.frescures: VALIDAS: J345
frescures.py:34 src.frescures:  Frescuras iniciales: L315, elementos: 4
frescures.py:39 src.frescures: FRRESCURAS validas: L315
frescures.py:43 src.frescures: VALIDAS: L315
frescures.py:34 src.frescures:  Frescuras iniciales: F135, elementos: 4
frescures.py:36 src.frescures: Frescura no valida: F135
frescures.py:39 src.frescures: FRRESCURAS validas: F135
frescures.py:43 src.frescures: VALIDAS: F135
frescures.py:34 src.frescures:  Frescuras iniciales: J265, elementos: 4
frescures.py:36 src.frescures: Frescura no valida: J265
frescures.py:39 src.frescures: FRRESCURAS validas: J265
frescures.py:43 src.frescures: VALIDAS: J265
frescures.py:34 src.frescures:  Frescuras iniciales: M085, elementos: 4
frescures.py:36 src.frescures: Frescura no valida: M085
frescures.py:39 src.frescures: FRRESCURAS validas: M085
frescures.py:43 src.frescures: VALIDAS: M085
frescures.py:49 src.frescures: Valid: ['J345', [], 'L315', [], 'F135', [], 'J265', [], 'M085', []]
frescures.py:54 src.frescures: FRRESCURAS: ['J345', [], 'L315', [], 'F135', [], 'J265', [], 'M085', []]
main.py:38 __main__: Proceso terminado correctamente.
frescures.py:34 src.frescures:  Frescuras iniciales: J345, elementos: 4
frescures.py:36 src.frescures: Frescura no valida: J345
frescures.py:39 src.frescures: FRRESCURAS validas: J345
frescures.py:43 src.frescures: VALIDAS: J345
frescures.py:34 src.frescures:  Frescuras iniciales: L315, elementos: 4
frescures.py:39 src.frescures: FRRESCURAS validas: L315
frescures.py:43 src.frescures: VALIDAS: L315
frescures.py:34 src.frescures:  Frescuras iniciales: F135, elementos: 4
frescures.py:36 src.frescures: Frescura no valida: F135
frescures.py:39 src.frescures: FRRESCURAS validas: F135
frescures.py:43 src.frescures: VALIDAS: F135
frescures.py:34 src.frescures:  Frescuras iniciales: J265, elementos: 4
frescures.py:36 src.frescures: Frescura no valida: J265
frescures.py:39 src.frescures: FRRESCURAS validas: J265
frescures.py:43 src.frescures: VALIDAS: J265
frescures.py:34 src.frescures:  Frescuras iniciales: M085, elementos: 4
frescures.py:36 src.frescures: Frescura no valida: M085
frescures.py:39 src.frescures: FRRESCURAS validas: M085
frescures.py:43 src.frescures: VALIDAS: M085
frescures.py:54 src.frescures: FRRESCURAS: ['J345', [], 'L315', [], 'F135', [], 'J265', [], 'M085', []]
main.py:38 __main__: Proceso terminado correctamente.
frescures.py:36 src.frescures: Frescura no valida: J345
main.py:40 __main__: Error en el proceso de generación del modelo: {e}
Traceback (most recent call last):
  File "/workspaces/automatizer/main.py", line 36, in <module>
    automatizer = Automatizer(SHELF_TIMES, PROJECT_ROOT)
                  ^^^^^^^^^^^^^^^^^^^^^^^^^^^^^^^^^^^^^^
  File "/workspaces/automatizer/src/frescures.py", line 18, in __init__
    self.get_dates()
  File "/workspaces/automatizer/src/frescures.py", line 53, in get_dates
    frescures = self.validate_dates_test()
                ^^^^^^^^^^^^^^^^^^^^^^^^^^
  File "/workspaces/automatizer/src/frescures.py", line 37, in validate_dates_test
    non_valid.append(frescuras)
TypeError: descriptor 'append' for 'list' objects doesn't apply to a 'str' object
frescures.py:36 src.frescures: Frescura no valida: J345
frescures.py:39 src.frescures: FRRESCURAS validas: J345
frescures.py:43 src.frescures: VALIDAS: J345
frescures.py:39 src.frescures: FRRESCURAS validas: L315
frescures.py:43 src.frescures: VALIDAS: L315
frescures.py:36 src.frescures: Frescura no valida: F135
frescures.py:39 src.frescures: FRRESCURAS validas: F135
frescures.py:43 src.frescures: VALIDAS: F135
frescures.py:36 src.frescures: Frescura no valida: J265
frescures.py:39 src.frescures: FRRESCURAS validas: J265
frescures.py:43 src.frescures: VALIDAS: J265
frescures.py:36 src.frescures: Frescura no valida: M085
frescures.py:39 src.frescures: FRRESCURAS validas: M085
frescures.py:43 src.frescures: VALIDAS: M085
frescures.py:54 src.frescures: FRRESCURAS: ['J345', [], 'L315', [], 'F135', [], 'J265', [], 'M085', []]
main.py:38 __main__: Proceso terminado correctamente.
frescures.py:36 src.frescures: Frescura no valida: J345
frescures.py:39 src.frescures: FRRESCURAS validas: J345
frescures.py:43 src.frescures: VALIDAS: J345
frescures.py:39 src.frescures: FRRESCURAS validas: L315
frescures.py:43 src.frescures: VALIDAS: L315
frescures.py:36 src.frescures: Frescura no valida: F135
frescures.py:39 src.frescures: FRRESCURAS validas: F135
frescures.py:43 src.frescures: VALIDAS: F135
frescures.py:36 src.frescures: Frescura no valida: J265
frescures.py:39 src.frescures: FRRESCURAS validas: J265
frescures.py:43 src.frescures: VALIDAS: J265
frescures.py:36 src.frescures: Frescura no valida: M085
frescures.py:39 src.frescures: FRRESCURAS validas: M085
frescures.py:43 src.frescures: VALIDAS: M085
frescures.py:54 src.frescures: FRRESCURAS: ['J345', [], 'L315', [], 'F135', [], 'J265', [], 'M085', []]
main.py:38 __main__: Proceso terminado correctamente.
frescures.py:35 src.frescures: Frescura no valida: J345
frescures.py:38 src.frescures: FRRESCURAS validas: J345
frescures.py:42 src.frescures: VALIDAS: J345
frescures.py:38 src.frescures: FRRESCURAS validas: L315
frescures.py:42 src.frescures: VALIDAS: L315
frescures.py:38 src.frescures: FRRESCURAS validas: F135
frescures.py:42 src.frescures: VALIDAS: F135
frescures.py:38 src.frescures: FRRESCURAS validas: J265
frescures.py:42 src.frescures: VALIDAS: J265
frescures.py:35 src.frescures: Frescura no valida: M085
frescures.py:38 src.frescures: FRRESCURAS validas: M085
frescures.py:42 src.frescures: VALIDAS: M085
frescures.py:53 src.frescures: FRRESCURAS: ['J345', [], 'L315', [], 'F135', [], 'J265', [], 'M085', []]
main.py:38 __main__: Proceso terminado correctamente.
frescures.py:35 src.frescures: Frescura no valida: J345
frescures.py:38 src.frescures: FRRESCURAS validas: J345
frescures.py:42 src.frescures: VALIDAS: J345
frescures.py:38 src.frescures: FRRESCURAS validas: L315
frescures.py:42 src.frescures: VALIDAS: L315
frescures.py:38 src.frescures: FRRESCURAS validas: F135
frescures.py:42 src.frescures: VALIDAS: F135
frescures.py:38 src.frescures: FRRESCURAS validas: J265
frescures.py:42 src.frescures: VALIDAS: J265
frescures.py:35 src.frescures: Frescura no valida: M085
frescures.py:38 src.frescures: FRRESCURAS validas: M085
frescures.py:42 src.frescures: VALIDAS: M085
frescures.py:53 src.frescures: FRRESCURAS: ['J345', [], 'L315', [], 'F135', [], 'J265', [], 'M085', []]
main.py:38 __main__: Proceso terminado correctamente.
frescures.py:34 src.frescures: Frescura no valida: J345
frescures.py:37 src.frescures: FRRESCURAS validas: J345
frescures.py:41 src.frescures: VALIDAS: J345
frescures.py:37 src.frescures: FRRESCURAS validas: L315
frescures.py:41 src.frescures: VALIDAS: L315
frescures.py:37 src.frescures: FRRESCURAS validas: F135
frescures.py:41 src.frescures: VALIDAS: F135
frescures.py:37 src.frescures: FRRESCURAS validas: J265
frescures.py:41 src.frescures: VALIDAS: J265
frescures.py:34 src.frescures: Frescura no valida: M085
frescures.py:37 src.frescures: FRRESCURAS validas: M085
frescures.py:41 src.frescures: VALIDAS: M085
frescures.py:52 src.frescures: FRRESCURAS: ['J345', [], 'L315', [], 'F135', [], 'J265', [], 'M085', []]
main.py:38 __main__: Proceso terminado correctamente.
frescures.py:35 src.frescures: Frescura no valida: J345
frescures.py:40 src.frescures: VALIDAS: J345
frescures.py:40 src.frescures: VALIDAS: L315
frescures.py:40 src.frescures: VALIDAS: F135
frescures.py:40 src.frescures: VALIDAS: J265
frescures.py:35 src.frescures: Frescura no valida: M085
frescures.py:40 src.frescures: VALIDAS: M085
frescures.py:47 src.frescures: Valid: [['J345', '04/10/2025'], ['L315', '01/12/2025'], ['F135', '03/06/2025'], ['J265', '06/10/2025'], ['M085', '']]
frescures.py:52 src.frescures: FRRESCURAS: [['J345', '04/10/2025'], ['L315', '01/12/2025'], ['F135', '03/06/2025'], ['J265', '06/10/2025'], ['M085', '']]
main.py:38 __main__: Proceso terminado correctamente.
frescures.py:35 src.frescures: Frescura no valida: J345
frescures.py:40 src.frescures: VALIDAS: J345
frescures.py:35 src.frescures: Frescura no valida: J345
frescures.py:40 src.frescures: VALIDAS: J345
main.py:40 __main__: Error en el proceso de generación del modelo: {e}
Traceback (most recent call last):
  File "/workspaces/automatizer/main.py", line 36, in <module>
    automatizer = Automatizer(SHELF_TIMES, PROJECT_ROOT)
                  ^^^^^^^^^^^^^^^^^^^^^^^^^^^^^^^^^^^^^^
  File "/workspaces/automatizer/src/frescures.py", line 17, in __init__
    self.get_dates()
  File "/workspaces/automatizer/src/frescures.py", line 52, in get_dates
    frescures = self.validate_dates_test()
                ^^^^^^^^^^^^^^^^^^^^^^^^^^
  File "/workspaces/automatizer/src/frescures.py", line 42, in validate_dates_test
    fecha = frescure_to_date(frescure)
                             ^^^^^^^^
NameError: name 'frescure' is not defined. Did you mean: 'frescuras'?
frescures.py:35 src.frescures: Frescura no valida: J345
frescures.py:40 src.frescures: VALIDAS: J345
frescures.py:40 src.frescures: VALIDAS: L315
frescures.py:40 src.frescures: VALIDAS: F135
frescures.py:40 src.frescures: VALIDAS: J265
frescures.py:35 src.frescures: Frescura no valida: M085
frescures.py:40 src.frescures: VALIDAS: M085
frescures.py:48 src.frescures: Valid: [['J345', ''], ['L315', ''], ['F135', ''], ['J265', ''], ['M085', '']]
frescures.py:53 src.frescures: FRRESCURAS: [['J345', ''], ['L315', ''], ['F135', ''], ['J265', ''], ['M085', '']]
main.py:38 __main__: Proceso terminado correctamente.
frescures.py:35 src.frescures: Frescura no valida: J345
frescures.py:40 src.frescures: VALIDAS: L315
frescures.py:40 src.frescures: VALIDAS: F135
frescures.py:40 src.frescures: VALIDAS: J265
frescures.py:35 src.frescures: Frescura no valida: M085
frescures.py:48 src.frescures: Valid: [['L315', '01/12/2025'], ['F135', '03/06/2025'], ['J265', '06/10/2025']]
frescures.py:53 src.frescures: FRRESCURAS: [['L315', '01/12/2025'], ['F135', '03/06/2025'], ['J265', '06/10/2025']]
main.py:38 __main__: Proceso terminado correctamente.
frescures.py:35 src.frescures: Frescura no valida: J345
frescures.py:40 src.frescures: VALIDAS: L315
frescures.py:40 src.frescures: VALIDAS: F135
frescures.py:40 src.frescures: VALIDAS: J265
frescures.py:35 src.frescures: Frescura no valida: M085
frescures.py:48 src.frescures: Valid: ['01/12/2025', '03/06/2025', '06/10/2025']
frescures.py:53 src.frescures: FRRESCURAS: ['01/12/2025', '03/06/2025', '06/10/2025']
main.py:38 __main__: Proceso terminado correctamente.
frescures.py:35 src.frescures: Frescura no valida: J345
frescures.py:40 src.frescures: VALIDAS: L315
frescures.py:40 src.frescures: VALIDAS: F135
frescures.py:40 src.frescures: VALIDAS: J265
frescures.py:35 src.frescures: Frescura no valida: M085
frescures.py:48 src.frescures: Valid: ['L315', '01/12/2025']
frescures.py:53 src.frescures: FRRESCURAS: [['L315', '01/12/2025'], ['F135', '03/06/2025'], ['J265', '06/10/2025']]
main.py:38 __main__: Proceso terminado correctamente.
frescures.py:35 src.frescures: Frescura no valida: J345
frescures.py:35 src.frescures: Frescura no valida: M085
frescures.py:43 src.frescures: Valid: [['L315', '01/12/2025'], ['F135', '03/06/2025'], ['J265', '06/10/2025']]
frescures.py:48 src.frescures: FRRESCURAS: [['L315', '01/12/2025'], ['F135', '03/06/2025'], ['J265', '06/10/2025']]
main.py:38 __main__: Proceso terminado correctamente.
frescures.py:35 src.frescures: Frescura no valida: J345
frescures.py:35 src.frescures: Frescura no valida: M085
frescures.py:48 src.frescures: FRRESCURAS: ['L315', '01/12/2025']
main.py:38 __main__: Proceso terminado correctamente.
frescures.py:47 src.frescures: FRRESCURAS: ['L315', '01/12/2025']
main.py:38 __main__: Proceso terminado correctamente.
main.py:40 __main__: Error en el proceso de generación del modelo: {e}
Traceback (most recent call last):
  File "/workspaces/automatizer/main.py", line 36, in <module>
    automatizer = Automatizer(SHELF_TIMES, PROJECT_ROOT)
                  ^^^^^^^^^^^^^^^^^^^^^^^^^^^^^^^^^^^^^^
  File "/workspaces/automatizer/src/frescures.py", line 17, in __init__
    self.get_dates()
  File "/workspaces/automatizer/src/frescures.py", line 47, in get_dates
    logger.info(f"FRRESCURAS: {frescures[:, 0]}")
                               ~~~~~~~~~^^^^^^
TypeError: list indices must be integers or slices, not tuple
frescures.py:47 src.frescures: FRRESCURAS: L315
main.py:38 __main__: Proceso terminado correctamente.
frescures.py:49 src.frescures: FRRESCURAS: 01/12/2025
frescures.py:49 src.frescures: FRRESCURAS: 03/06/2025
frescures.py:49 src.frescures: FRRESCURAS: 06/10/2025
main.py:38 __main__: Proceso terminado correctamente.
frescures.py:48 src.frescures:      CODIGO                                 DESCRIPCION  SHELF LIFE
0    3000003         CORONA EXTRA BOTE H-C 24/355 ML CT         360
1    3000022           VICTORIA MEGA 12/1.2 L CT R LISA         360
2    3000050  PACIFICO LIGHT BOTE 8 PK H- C 24/355ML CT         365
3    3000060               BUDWEISER BOTE 6 PK 24/12 OZ         365
4    3000061               BUDWEISER 6 PACK 24/12 OZ CM         365
..       ...                                        ...         ...
235  3018199    PACIFICO SUAVE BOTE 4PKH-C 24/473 ML CT         360
236  3018347  Victoria Chamoy bote 6 pack 21/473 ML MAQ         360
237  3018373        CORONITA CERO 24 PACK 24/2130 ML NR         360
238  3018427            Negra Modelo Cero 6pk 12/355 NR         180
239  3018438     MODELO DORADA CERO 6 PACK 12/355 ML NR         180

[240 rows x 3 columns]
frescures.py:50 src.frescures: FRRESCURAS: 01/12/2025
frescures.py:50 src.frescures: FRRESCURAS: 03/06/2025
frescures.py:50 src.frescures: FRRESCURAS: 06/10/2025
main.py:38 __main__: Proceso terminado correctamente.
main.py:40 __main__: Error en el proceso de generación del modelo: {e}
Traceback (most recent call last):
  File "/workspaces/automatizer/main.py", line 36, in <module>
    automatizer = Automatizer(SHELF_TIMES, PROJECT_ROOT)
                  ^^^^^^^^^^^^^^^^^^^^^^^^^^^^^^^^^^^^^^
  File "/workspaces/automatizer/src/frescures.py", line 17, in __init__
    self.get_dates(self.shelf_table)
  File "/workspaces/automatizer/src/frescures.py", line 49, in get_dates
    frescures = self.validate_query(query)
                ^^^^^^^^^^^^^^^^^^^
AttributeError: 'Automatizer' object has no attribute 'validate_query'
frescures.py:52 src.frescures: FRRESCURAS: 01/12/2025
frescures.py:52 src.frescures: FRRESCURAS: 03/06/2025
frescures.py:52 src.frescures: FRRESCURAS: 06/10/2025
main.py:38 __main__: Proceso terminado correctamente.
frescures.py:50 src.frescures: Filtradas: [['L315', '01/12/2025'], ['F135', '03/06/2025'], ['J265', '06/10/2025']]
frescures.py:53 src.frescures: FRRESCURAS: 01/12/2025
frescures.py:53 src.frescures: FRRESCURAS: 03/06/2025
frescures.py:53 src.frescures: FRRESCURAS: 06/10/2025
main.py:38 __main__: Proceso terminado correctamente.
frescures.py:33 src.frescures: J345
frescures.py:33 src.frescures: 3007868
frescures.py:33 src.frescures: L315
frescures.py:33 src.frescures: 3010443
frescures.py:33 src.frescures: F135
frescures.py:33 src.frescures: 1234567
frescures.py:33 src.frescures: J265
frescures.py:33 src.frescures: 0987654
main.py:38 __main__: Proceso terminado correctamente.
frescures.py:32 src.frescures: ['J345', '3007868']
frescures.py:32 src.frescures: ['L315', '3010443']
frescures.py:32 src.frescures: ['F135', '1234567']
frescures.py:32 src.frescures: ['J265', '0987654']
main.py:38 __main__: Proceso terminado correctamente.
frescures.py:32 src.frescures: 3007868
frescures.py:32 src.frescures: 3010443
frescures.py:32 src.frescures: 1234567
frescures.py:32 src.frescures: 0987654
main.py:38 __main__: Proceso terminado correctamente.
frescures.py:34 src.frescures: 3007868
frescures.py:34 src.frescures: 3007868
frescures.py:34 src.frescures: 3010443
frescures.py:34 src.frescures: 3010443
frescures.py:34 src.frescures: 1234567
frescures.py:34 src.frescures: 1234567
frescures.py:34 src.frescures: 0987654
frescures.py:34 src.frescures: 0987654
main.py:38 __main__: Proceso terminado correctamente.
frescures.py:35 src.frescures: 3007868
frescures.py:35 src.frescures: 3007868
frescures.py:35 src.frescures: 3010443
frescures.py:35 src.frescures: 3010443
frescures.py:35 src.frescures: 1234567
frescures.py:35 src.frescures: 1234567
frescures.py:35 src.frescures: 0987654
frescures.py:35 src.frescures: 0987654
main.py:38 __main__: Proceso terminado correctamente.
frescures.py:35 src.frescures: ['L315', '3010443']
frescures.py:35 src.frescures: ['L315', '3010443']
frescures.py:35 src.frescures: ['L315', '3010443']
frescures.py:35 src.frescures: ['L315', '3010443']
frescures.py:35 src.frescures: ['L315', '3010443']
frescures.py:35 src.frescures: ['L315', '3010443']
frescures.py:35 src.frescures: ['L315', '3010443']
frescures.py:35 src.frescures: ['L315', '3010443']
main.py:38 __main__: Proceso terminado correctamente.
frescures.py:35 src.frescures: 3010443
frescures.py:35 src.frescures: 3010443
frescures.py:35 src.frescures: 3010443
frescures.py:35 src.frescures: 3010443
frescures.py:35 src.frescures: 3010443
frescures.py:35 src.frescures: 3010443
frescures.py:35 src.frescures: 3010443
frescures.py:35 src.frescures: 3010443
main.py:38 __main__: Proceso terminado correctamente.
main.py:40 __main__: Error en el proceso de generación del modelo: {e}
Traceback (most recent call last):
  File "/workspaces/automatizer/main.py", line 36, in <module>
    automatizer = Automatizer(SHELF_TIMES, PROJECT_ROOT)
                  ^^^^^^^^^^^^^^^^^^^^^^^^^^^^^^^^^^^^^^
  File "/workspaces/automatizer/src/frescures.py", line 17, in __init__
    self.get_dates(self.shelf_table)
  File "/workspaces/automatizer/src/frescures.py", line 52, in get_dates
    frescures = self.validate_query(query)
                ^^^^^^^^^^^^^^^^^^^^^^^^^^
  File "/workspaces/automatizer/src/frescures.py", line 32, in validate_query
    code = all_frescuras[frescuras_ejemplos][1]
           ~~~~~~~~~~~~~^^^^^^^^^^^^^^^^^^^^
TypeError: list indices must be integers or slices, not list
frescures.py:35 src.frescures: ['L315', '3010443']
frescures.py:35 src.frescures: ['L315', '3010443']
frescures.py:35 src.frescures: ['L315', '3010443']
frescures.py:35 src.frescures: ['L315', '3010443']
frescures.py:35 src.frescures: ['L315', '3010443']
frescures.py:35 src.frescures: ['L315', '3010443']
frescures.py:35 src.frescures: ['L315', '3010443']
frescures.py:35 src.frescures: ['L315', '3010443']
main.py:38 __main__: Proceso terminado correctamente.
frescures.py:33 src.frescures: ['J345', '3007868']
frescures.py:33 src.frescures: ['J345', '3007868']
frescures.py:33 src.frescures: ['L315', '3010443']
frescures.py:33 src.frescures: ['L315', '3010443']
frescures.py:33 src.frescures: ['F135', '1234567']
frescures.py:33 src.frescures: ['F135', '1234567']
frescures.py:33 src.frescures: ['J265', '0987654']
frescures.py:33 src.frescures: ['J265', '0987654']
main.py:38 __main__: Proceso terminado correctamente.
33 src.frescures: ['J345', '3007868']
48 src.frescures: Error: 'exc_info' is an invalid keyword argument for print()
Traceback (most recent call last):
  File "/workspaces/automatizer/utils/utils.py", line 8, in validate_frescures
    valid_format = re.fullmatch(pattern, text)
                   ^^^^^^^^^^^^^^^^^^^^^^^^^^^
  File "/usr/local/python/3.12.1/lib/python3.12/re/__init__.py", line 172, in fullmatch
    return _compile(pattern, flags).fullmatch(string)
           ^^^^^^^^^^^^^^^^^^^^^^^^^^^^^^^^^^^^^^^^^^
TypeError: expected string or bytes-like object, got 'list'

During handling of the above exception, another exception occurred:

Traceback (most recent call last):
  File "/workspaces/automatizer/src/frescures.py", line 36, in validate_query
    if not validate_frescures(self.frescures_pattern, frescuras):
           ^^^^^^^^^^^^^^^^^^^^^^^^^^^^^^^^^^^^^^^^^^^^^^^^^^^^^
  File "/workspaces/automatizer/utils/utils.py", line 15, in validate_frescures
    print(f"Error validando: {e}", exc_info=True)
TypeError: 'exc_info' is an invalid keyword argument for print()
38 __main__: Proceso terminado correctamente.
33 src.frescures: ['J345', '3007868']
48 src.frescures: Error: 'module' object is not callable
Traceback (most recent call last):
  File "/workspaces/automatizer/utils/utils.py", line 9, in validate_frescures
    valid_format = re.fullmatch(pattern, text)
                   ^^^^^^^^^^^^^^^^^^^^^^^^^^^
  File "/usr/local/python/3.12.1/lib/python3.12/re/__init__.py", line 172, in fullmatch
    return _compile(pattern, flags).fullmatch(string)
           ^^^^^^^^^^^^^^^^^^^^^^^^^^^^^^^^^^^^^^^^^^
TypeError: expected string or bytes-like object, got 'list'

During handling of the above exception, another exception occurred:

Traceback (most recent call last):
  File "/workspaces/automatizer/src/frescures.py", line 36, in validate_query
    if not validate_frescures(self.frescures_pattern, frescuras):
           ^^^^^^^^^^^^^^^^^^^^^^^^^^^^^^^^^^^^^^^^^^^^^^^^^^^^^
  File "/workspaces/automatizer/utils/utils.py", line 16, in validate_frescures
    logging(f"Error validando: {e}", exc_info=True)
TypeError: 'module' object is not callable
38 __main__: Proceso terminado correctamente.
33 src.frescures: ['J345', '3007868']
48 src.frescures: Error: 'module' object is not callable
Traceback (most recent call last):
  File "/workspaces/automatizer/utils/utils.py", line 11, in validate_frescures
    valid_format = re.fullmatch(pattern, text)
                   ^^^^^^^^^^^^^^^^^^^^^^^^^^^
  File "/usr/local/python/3.12.1/lib/python3.12/re/__init__.py", line 172, in fullmatch
    return _compile(pattern, flags).fullmatch(string)
           ^^^^^^^^^^^^^^^^^^^^^^^^^^^^^^^^^^^^^^^^^^
TypeError: expected string or bytes-like object, got 'list'

During handling of the above exception, another exception occurred:

Traceback (most recent call last):
  File "/workspaces/automatizer/src/frescures.py", line 36, in validate_query
    if not validate_frescures(self.frescures_pattern, frescuras):
           ^^^^^^^^^^^^^^^^^^^^^^^^^^^^^^^^^^^^^^^^^^^^^^^^^^^^^
  File "/workspaces/automatizer/utils/utils.py", line 18, in validate_frescures
    logging(f"Error validando: {e}", exc_info=True)
TypeError: 'module' object is not callable
38 __main__: Proceso terminado correctamente.
33 src.frescures: ['J345', '3007868']
18 utils.utils: Error validando: expected string or bytes-like object, got 'list'
Traceback (most recent call last):
  File "/workspaces/automatizer/utils/utils.py", line 11, in validate_frescures
    valid_format = re.fullmatch(pattern, text)
                   ^^^^^^^^^^^^^^^^^^^^^^^^^^^
  File "/usr/local/python/3.12.1/lib/python3.12/re/__init__.py", line 172, in fullmatch
    return _compile(pattern, flags).fullmatch(string)
           ^^^^^^^^^^^^^^^^^^^^^^^^^^^^^^^^^^^^^^^^^^
TypeError: expected string or bytes-like object, got 'list'
33 src.frescures: ['L315', '3010443']
18 utils.utils: Error validando: expected string or bytes-like object, got 'list'
Traceback (most recent call last):
  File "/workspaces/automatizer/utils/utils.py", line 11, in validate_frescures
    valid_format = re.fullmatch(pattern, text)
                   ^^^^^^^^^^^^^^^^^^^^^^^^^^^
  File "/usr/local/python/3.12.1/lib/python3.12/re/__init__.py", line 172, in fullmatch
    return _compile(pattern, flags).fullmatch(string)
           ^^^^^^^^^^^^^^^^^^^^^^^^^^^^^^^^^^^^^^^^^^
TypeError: expected string or bytes-like object, got 'list'
33 src.frescures: ['F135', '1234567']
18 utils.utils: Error validando: expected string or bytes-like object, got 'list'
Traceback (most recent call last):
  File "/workspaces/automatizer/utils/utils.py", line 11, in validate_frescures
    valid_format = re.fullmatch(pattern, text)
                   ^^^^^^^^^^^^^^^^^^^^^^^^^^^
  File "/usr/local/python/3.12.1/lib/python3.12/re/__init__.py", line 172, in fullmatch
    return _compile(pattern, flags).fullmatch(string)
           ^^^^^^^^^^^^^^^^^^^^^^^^^^^^^^^^^^^^^^^^^^
TypeError: expected string or bytes-like object, got 'list'
33 src.frescures: ['J265', '0987654']
18 utils.utils: Error validando: expected string or bytes-like object, got 'list'
Traceback (most recent call last):
  File "/workspaces/automatizer/utils/utils.py", line 11, in validate_frescures
    valid_format = re.fullmatch(pattern, text)
                   ^^^^^^^^^^^^^^^^^^^^^^^^^^^
  File "/usr/local/python/3.12.1/lib/python3.12/re/__init__.py", line 172, in fullmatch
    return _compile(pattern, flags).fullmatch(string)
           ^^^^^^^^^^^^^^^^^^^^^^^^^^^^^^^^^^^^^^^^^^
TypeError: expected string or bytes-like object, got 'list'
38 __main__: Proceso terminado correctamente.
frescures.py:33 src.frescures: ['J345', '3007868']
utils.py:18 utils.utils: Error validando: expected string or bytes-like object, got 'list'
Traceback (most recent call last):
  File "/workspaces/automatizer/utils/utils.py", line 11, in validate_frescures
    valid_format = re.fullmatch(pattern, text)
                   ^^^^^^^^^^^^^^^^^^^^^^^^^^^
  File "/usr/local/python/3.12.1/lib/python3.12/re/__init__.py", line 172, in fullmatch
    return _compile(pattern, flags).fullmatch(string)
           ^^^^^^^^^^^^^^^^^^^^^^^^^^^^^^^^^^^^^^^^^^
TypeError: expected string or bytes-like object, got 'list'
frescures.py:33 src.frescures: ['L315', '3010443']
utils.py:18 utils.utils: Error validando: expected string or bytes-like object, got 'list'
Traceback (most recent call last):
  File "/workspaces/automatizer/utils/utils.py", line 11, in validate_frescures
    valid_format = re.fullmatch(pattern, text)
                   ^^^^^^^^^^^^^^^^^^^^^^^^^^^
  File "/usr/local/python/3.12.1/lib/python3.12/re/__init__.py", line 172, in fullmatch
    return _compile(pattern, flags).fullmatch(string)
           ^^^^^^^^^^^^^^^^^^^^^^^^^^^^^^^^^^^^^^^^^^
TypeError: expected string or bytes-like object, got 'list'
frescures.py:33 src.frescures: ['F135', '1234567']
utils.py:18 utils.utils: Error validando: expected string or bytes-like object, got 'list'
Traceback (most recent call last):
  File "/workspaces/automatizer/utils/utils.py", line 11, in validate_frescures
    valid_format = re.fullmatch(pattern, text)
                   ^^^^^^^^^^^^^^^^^^^^^^^^^^^
  File "/usr/local/python/3.12.1/lib/python3.12/re/__init__.py", line 172, in fullmatch
    return _compile(pattern, flags).fullmatch(string)
           ^^^^^^^^^^^^^^^^^^^^^^^^^^^^^^^^^^^^^^^^^^
TypeError: expected string or bytes-like object, got 'list'
frescures.py:33 src.frescures: ['J265', '0987654']
utils.py:18 utils.utils: Error validando: expected string or bytes-like object, got 'list'
Traceback (most recent call last):
  File "/workspaces/automatizer/utils/utils.py", line 11, in validate_frescures
    valid_format = re.fullmatch(pattern, text)
                   ^^^^^^^^^^^^^^^^^^^^^^^^^^^
  File "/usr/local/python/3.12.1/lib/python3.12/re/__init__.py", line 172, in fullmatch
    return _compile(pattern, flags).fullmatch(string)
           ^^^^^^^^^^^^^^^^^^^^^^^^^^^^^^^^^^^^^^^^^^
TypeError: expected string or bytes-like object, got 'list'
main.py:38 __main__: Proceso terminado correctamente.
frescures.py:33 src.frescures: ['J345', '3007868']
frescures.py:33 src.frescures: ['L315', '3010443']
frescures.py:33 src.frescures: ['F135', '1234567']
frescures.py:33 src.frescures: ['J265', '0987654']
main.py:38 __main__: Proceso terminado correctamente.
frescures.py:45 src.frescures: Valid: [['L315', '3010443'], [''], ['F135', '1234567'], [''], ['J265', '0987654'], ['']]
main.py:38 __main__: Proceso terminado correctamente.
frescures.py:45 src.frescures: Valid: ['']
frescures.py:45 src.frescures: Valid: ['']
frescures.py:45 src.frescures: Valid: ['']
main.py:38 __main__: Proceso terminado correctamente.
utils.py:18 utils.utils: Error validando: expected string or bytes-like object, got 'list'
Traceback (most recent call last):
  File "/workspaces/automatizer/utils/utils.py", line 11, in validate_frescures
    valid_format = re.fullmatch(pattern, text)
                   ^^^^^^^^^^^^^^^^^^^^^^^^^^^
  File "/usr/local/python/3.12.1/lib/python3.12/re/__init__.py", line 172, in fullmatch
    return _compile(pattern, flags).fullmatch(string)
           ^^^^^^^^^^^^^^^^^^^^^^^^^^^^^^^^^^^^^^^^^^
TypeError: expected string or bytes-like object, got 'list'
utils.py:18 utils.utils: Error validando: expected string or bytes-like object, got 'list'
Traceback (most recent call last):
  File "/workspaces/automatizer/utils/utils.py", line 11, in validate_frescures
    valid_format = re.fullmatch(pattern, text)
                   ^^^^^^^^^^^^^^^^^^^^^^^^^^^
  File "/usr/local/python/3.12.1/lib/python3.12/re/__init__.py", line 172, in fullmatch
    return _compile(pattern, flags).fullmatch(string)
           ^^^^^^^^^^^^^^^^^^^^^^^^^^^^^^^^^^^^^^^^^^
TypeError: expected string or bytes-like object, got 'list'
utils.py:18 utils.utils: Error validando: expected string or bytes-like object, got 'list'
Traceback (most recent call last):
  File "/workspaces/automatizer/utils/utils.py", line 11, in validate_frescures
    valid_format = re.fullmatch(pattern, text)
                   ^^^^^^^^^^^^^^^^^^^^^^^^^^^
  File "/usr/local/python/3.12.1/lib/python3.12/re/__init__.py", line 172, in fullmatch
    return _compile(pattern, flags).fullmatch(string)
           ^^^^^^^^^^^^^^^^^^^^^^^^^^^^^^^^^^^^^^^^^^
TypeError: expected string or bytes-like object, got 'list'
utils.py:18 utils.utils: Error validando: expected string or bytes-like object, got 'list'
Traceback (most recent call last):
  File "/workspaces/automatizer/utils/utils.py", line 11, in validate_frescures
    valid_format = re.fullmatch(pattern, text)
                   ^^^^^^^^^^^^^^^^^^^^^^^^^^^
  File "/usr/local/python/3.12.1/lib/python3.12/re/__init__.py", line 172, in fullmatch
    return _compile(pattern, flags).fullmatch(string)
           ^^^^^^^^^^^^^^^^^^^^^^^^^^^^^^^^^^^^^^^^^^
TypeError: expected string or bytes-like object, got 'list'
frescures.py:46 src.frescures: Valid: []
main.py:38 __main__: Proceso terminado correctamente.
frescures.py:34 src.frescures: ['J345', '3007868']
utils.py:18 utils.utils: Error validando: expected string or bytes-like object, got 'list'
Traceback (most recent call last):
  File "/workspaces/automatizer/utils/utils.py", line 11, in validate_frescures
    valid_format = re.fullmatch(pattern, text)
                   ^^^^^^^^^^^^^^^^^^^^^^^^^^^
  File "/usr/local/python/3.12.1/lib/python3.12/re/__init__.py", line 172, in fullmatch
    return _compile(pattern, flags).fullmatch(string)
           ^^^^^^^^^^^^^^^^^^^^^^^^^^^^^^^^^^^^^^^^^^
TypeError: expected string or bytes-like object, got 'list'
frescures.py:34 src.frescures: ['L315', '3010443']
utils.py:18 utils.utils: Error validando: expected string or bytes-like object, got 'list'
Traceback (most recent call last):
  File "/workspaces/automatizer/utils/utils.py", line 11, in validate_frescures
    valid_format = re.fullmatch(pattern, text)
                   ^^^^^^^^^^^^^^^^^^^^^^^^^^^
  File "/usr/local/python/3.12.1/lib/python3.12/re/__init__.py", line 172, in fullmatch
    return _compile(pattern, flags).fullmatch(string)
           ^^^^^^^^^^^^^^^^^^^^^^^^^^^^^^^^^^^^^^^^^^
TypeError: expected string or bytes-like object, got 'list'
frescures.py:34 src.frescures: ['F135', '1234567']
utils.py:18 utils.utils: Error validando: expected string or bytes-like object, got 'list'
Traceback (most recent call last):
  File "/workspaces/automatizer/utils/utils.py", line 11, in validate_frescures
    valid_format = re.fullmatch(pattern, text)
                   ^^^^^^^^^^^^^^^^^^^^^^^^^^^
  File "/usr/local/python/3.12.1/lib/python3.12/re/__init__.py", line 172, in fullmatch
    return _compile(pattern, flags).fullmatch(string)
           ^^^^^^^^^^^^^^^^^^^^^^^^^^^^^^^^^^^^^^^^^^
TypeError: expected string or bytes-like object, got 'list'
frescures.py:34 src.frescures: ['J265', '0987654']
utils.py:18 utils.utils: Error validando: expected string or bytes-like object, got 'list'
Traceback (most recent call last):
  File "/workspaces/automatizer/utils/utils.py", line 11, in validate_frescures
    valid_format = re.fullmatch(pattern, text)
                   ^^^^^^^^^^^^^^^^^^^^^^^^^^^
  File "/usr/local/python/3.12.1/lib/python3.12/re/__init__.py", line 172, in fullmatch
    return _compile(pattern, flags).fullmatch(string)
           ^^^^^^^^^^^^^^^^^^^^^^^^^^^^^^^^^^^^^^^^^^
TypeError: expected string or bytes-like object, got 'list'
frescures.py:46 src.frescures: Valid: []
main.py:38 __main__: Proceso terminado correctamente.
frescures.py:34 src.frescures: ['J345', '3007868']
frescures.py:34 src.frescures: ['L315', '3010443']
frescures.py:34 src.frescures: ['F135', '1234567']
frescures.py:34 src.frescures: ['J265', '0987654']
frescures.py:46 src.frescures: Valid: ['']
main.py:38 __main__: Proceso terminado correctamente.
frescures.py:34 src.frescures: ['J345', '3007868']
frescures.py:34 src.frescures: ['L315', '3010443']
frescures.py:34 src.frescures: ['F135', '1234567']
frescures.py:34 src.frescures: ['J265', '0987654']
frescures.py:46 src.frescures: Valid: []
main.py:38 __main__: Proceso terminado correctamente.
frescures.py:34 src.frescures: ['J345', '3007868']
frescures.py:34 src.frescures: ['L315', '3010443']
frescures.py:34 src.frescures: ['F135', '1234567']
frescures.py:34 src.frescures: ['J265', '0987654']
frescures.py:46 src.frescures: Valid: []
main.py:38 __main__: Proceso terminado correctamente.
frescures.py:34 src.frescures: ['J345', '3007868']
frescures.py:34 src.frescures: ['L315', '3010443']
frescures.py:34 src.frescures: ['F135', '1234567']
frescures.py:34 src.frescures: ['J265', '0987654']
frescures.py:46 src.frescures: Valid: [['J265', '0987654'], '']
main.py:38 __main__: Proceso terminado correctamente.
frescures.py:34 src.frescures: J345
frescures.py:34 src.frescures: 3007868
frescures.py:46 src.frescures: Valid: []
main.py:38 __main__: Proceso terminado correctamente.
frescures.py:34 src.frescures: J345
frescures.py:34 src.frescures: 3007868
frescures.py:46 src.frescures: Valid: []
main.py:38 __main__: Proceso terminado correctamente.
frescures.py:34 src.frescures: ['J345', '3007868']
utils.py:18 utils.utils: Error validando: expected string or bytes-like object, got 'list'
Traceback (most recent call last):
  File "/workspaces/automatizer/utils/utils.py", line 11, in validate_frescures
    valid_format = re.fullmatch(pattern, text)
                   ^^^^^^^^^^^^^^^^^^^^^^^^^^^
  File "/usr/local/python/3.12.1/lib/python3.12/re/__init__.py", line 172, in fullmatch
    return _compile(pattern, flags).fullmatch(string)
           ^^^^^^^^^^^^^^^^^^^^^^^^^^^^^^^^^^^^^^^^^^
TypeError: expected string or bytes-like object, got 'list'
frescures.py:34 src.frescures: ['L315', '3010443']
utils.py:18 utils.utils: Error validando: expected string or bytes-like object, got 'list'
Traceback (most recent call last):
  File "/workspaces/automatizer/utils/utils.py", line 11, in validate_frescures
    valid_format = re.fullmatch(pattern, text)
                   ^^^^^^^^^^^^^^^^^^^^^^^^^^^
  File "/usr/local/python/3.12.1/lib/python3.12/re/__init__.py", line 172, in fullmatch
    return _compile(pattern, flags).fullmatch(string)
           ^^^^^^^^^^^^^^^^^^^^^^^^^^^^^^^^^^^^^^^^^^
TypeError: expected string or bytes-like object, got 'list'
frescures.py:34 src.frescures: ['F135', '1234567']
utils.py:18 utils.utils: Error validando: expected string or bytes-like object, got 'list'
Traceback (most recent call last):
  File "/workspaces/automatizer/utils/utils.py", line 11, in validate_frescures
    valid_format = re.fullmatch(pattern, text)
                   ^^^^^^^^^^^^^^^^^^^^^^^^^^^
  File "/usr/local/python/3.12.1/lib/python3.12/re/__init__.py", line 172, in fullmatch
    return _compile(pattern, flags).fullmatch(string)
           ^^^^^^^^^^^^^^^^^^^^^^^^^^^^^^^^^^^^^^^^^^
TypeError: expected string or bytes-like object, got 'list'
frescures.py:34 src.frescures: ['J265', '0987654']
utils.py:18 utils.utils: Error validando: expected string or bytes-like object, got 'list'
Traceback (most recent call last):
  File "/workspaces/automatizer/utils/utils.py", line 11, in validate_frescures
    valid_format = re.fullmatch(pattern, text)
                   ^^^^^^^^^^^^^^^^^^^^^^^^^^^
  File "/usr/local/python/3.12.1/lib/python3.12/re/__init__.py", line 172, in fullmatch
    return _compile(pattern, flags).fullmatch(string)
           ^^^^^^^^^^^^^^^^^^^^^^^^^^^^^^^^^^^^^^^^^^
TypeError: expected string or bytes-like object, got 'list'
frescures.py:46 src.frescures: Valid: []
main.py:38 __main__: Proceso terminado correctamente.
frescures.py:34 src.frescures: ['J345', '3007868']
frescures.py:34 src.frescures: ['L315', '3010443']
frescures.py:43 src.frescures: Date: 
frescures.py:34 src.frescures: ['F135', '1234567']
frescures.py:43 src.frescures: Date: 
frescures.py:34 src.frescures: ['J265', '0987654']
frescures.py:43 src.frescures: Date: 
frescures.py:47 src.frescures: Valid: [['J265', '0987654'], '']
main.py:38 __main__: Proceso terminado correctamente.
frescures.py:34 src.frescures: ['J345', '3007868']
frescures.py:34 src.frescures: ['L315', '3010443']
frescures.py:43 src.frescures: Date: 01/12/2025
frescures.py:34 src.frescures: ['F135', '1234567']
frescures.py:43 src.frescures: Date: 03/06/2025
frescures.py:34 src.frescures: ['J265', '0987654']
frescures.py:43 src.frescures: Date: 06/10/2025
frescures.py:47 src.frescures: Valid: [['J265', '0987654'], '06/10/2025']
main.py:38 __main__: Proceso terminado correctamente.
frescures.py:34 src.frescures: ['J345', '3007868']
frescures.py:34 src.frescures: ['L315', '3010443']
frescures.py:34 src.frescures: ['F135', '1234567']
frescures.py:34 src.frescures: ['J265', '0987654']
frescures.py:47 src.frescures: Valid: [['L315', '3010443'], '01/12/2025', ['F135', '1234567'], '03/06/2025', ['J265', '0987654'], '06/10/2025']
main.py:38 __main__: Proceso terminado correctamente.
frescures.py:34 src.frescures: ['J345', '3007868']
frescures.py:34 src.frescures: ['L315', '3010443']
main.py:40 __main__: Error en el proceso de generación del modelo: {e}
Traceback (most recent call last):
  File "/workspaces/automatizer/main.py", line 36, in <module>
    automatizer = Automatizer(SHELF_TIMES, PROJECT_ROOT)
                  ^^^^^^^^^^^^^^^^^^^^^^^^^^^^^^^^^^^^^^
  File "/workspaces/automatizer/src/frescures.py", line 16, in __init__
    self.get_dates(self.shelf_table)
  File "/workspaces/automatizer/src/frescures.py", line 56, in get_dates
    frescures = self.validate_query(query)
                ^^^^^^^^^^^^^^^^^^^^^^^^^^
  File "/workspaces/automatizer/src/frescures.py", line 45, in validate_query
    complete_frescures.append(frescuras, fecha)
TypeError: list.append() takes exactly one argument (2 given)
frescures.py:34 src.frescures: ['J345', '3007868']
frescures.py:34 src.frescures: ['L315', '3010443']
frescures.py:34 src.frescures: ['F135', '1234567']
frescures.py:34 src.frescures: ['J265', '0987654']
frescures.py:47 src.frescures: Valid: [[['L315', '3010443'], '01/12/2025'], [['F135', '1234567'], '03/06/2025'], [['J265', '0987654'], '06/10/2025']]
main.py:38 __main__: Proceso terminado correctamente.
frescures.py:47 src.frescures: Valid: [[['L315', '3010443'], '01/12/2025'], [['F135', '1234567'], '03/06/2025'], [['J265', '0987654'], '06/10/2025']]
main.py:38 __main__: Proceso terminado correctamente.
frescures.py:47 src.frescures: Valid: [['01/12/2025'], ['03/06/2025'], ['06/10/2025']]
main.py:38 __main__: Proceso terminado correctamente.
frescures.py:47 src.frescures: Valid: [[[['L315', '3010443'], '01/12/2025']], [[['F135', '1234567'], '03/06/2025']], [[['J265', '0987654'], '06/10/2025']]]
main.py:38 __main__: Proceso terminado correctamente.
frescures.py:47 src.frescures: Valid: [[[['J265', '0987654'], '06/10/2025']]]
main.py:38 __main__: Proceso terminado correctamente.
frescures.py:47 src.frescures: Valid: [[['J265', '0987654', '06/10/2025']]]
main.py:38 __main__: Proceso terminado correctamente.
frescures.py:47 src.frescures: Valid: [[['L315', '3010443', '01/12/2025']], [['F135', '1234567', '03/06/2025']], [['J265', '0987654', '06/10/2025']]]
main.py:38 __main__: Proceso terminado correctamente.
frescures.py:47 src.frescures: Valid: [['L315', '3010443', '01/12/2025'], ['F135', '1234567', '03/06/2025'], ['J265', '0987654', '06/10/2025']]
main.py:38 __main__: Proceso terminado correctamente.
frescures.py:47 src.frescures: Valid: [['3010443', 'L315', '01/12/2025'], ['1234567', 'F135', '03/06/2025'], ['0987654', 'J265', '06/10/2025']]
main.py:38 __main__: Proceso terminado correctamente.
frescures.py:57 src.frescures: Filtradas: [['3010443', 'L315', '01/12/2025'], ['1234567', 'F135', '03/06/2025'], ['0987654', 'J265', '06/10/2025']]
frescures.py:60 src.frescures: FRRESCURAS: 01/12/2025
frescures.py:60 src.frescures: FRRESCURAS: 03/06/2025
frescures.py:60 src.frescures: FRRESCURAS: 06/10/2025
main.py:38 __main__: Proceso terminado correctamente.
frescures.py:54 src.frescures: Filtradas: [['3010443', 'L315', '01/12/2025'], ['1234567', 'F135', '03/06/2025'], ['0987654', 'J265', '06/10/2025']]
main.py:40 __main__: Error en el proceso de generación del modelo: {e}
Traceback (most recent call last):
  File "/usr/local/python/3.12.1/lib/python3.12/site-packages/pandas/core/indexes/base.py", line 3812, in get_loc
    return self._engine.get_loc(casted_key)
           ^^^^^^^^^^^^^^^^^^^^^^^^^^^^^^^^
  File "pandas/_libs/index.pyx", line 167, in pandas._libs.index.IndexEngine.get_loc
  File "pandas/_libs/index.pyx", line 196, in pandas._libs.index.IndexEngine.get_loc
  File "pandas/_libs/hashtable_class_helper.pxi", line 7088, in pandas._libs.hashtable.PyObjectHashTable.get_item
  File "pandas/_libs/hashtable_class_helper.pxi", line 7096, in pandas._libs.hashtable.PyObjectHashTable.get_item
KeyError: 'SHELF_LIFE'

The above exception was the direct cause of the following exception:

Traceback (most recent call last):
  File "/workspaces/automatizer/main.py", line 36, in <module>
    automatizer = Automatizer(SHELF_TIMES, PROJECT_ROOT)
                  ^^^^^^^^^^^^^^^^^^^^^^^^^^^^^^^^^^^^^^
  File "/workspaces/automatizer/src/frescures.py", line 16, in __init__
    self.get_dates(self.shelf_table)
  File "/workspaces/automatizer/src/frescures.py", line 55, in get_dates
    sumar_dias = shelf_table["SHELF_LIFE"]
                 ~~~~~~~~~~~^^^^^^^^^^^^^^
  File "/usr/local/python/3.12.1/lib/python3.12/site-packages/pandas/core/frame.py", line 4113, in __getitem__
    indexer = self.columns.get_loc(key)
              ^^^^^^^^^^^^^^^^^^^^^^^^^
  File "/usr/local/python/3.12.1/lib/python3.12/site-packages/pandas/core/indexes/base.py", line 3819, in get_loc
    raise KeyError(key) from err
KeyError: 'SHELF_LIFE'
frescures.py:54 src.frescures: Filtradas: [['3010443', 'L315', '01/12/2025'], ['1234567', 'F135', '03/06/2025'], ['0987654', 'J265', '06/10/2025']]
frescures.py:56 src.frescures:      CODIGO                                 DESCRIPCION  SHELF LIFE
0    3000003         CORONA EXTRA BOTE H-C 24/355 ML CT         360
1    3000022           VICTORIA MEGA 12/1.2 L CT R LISA         360
2    3000050  PACIFICO LIGHT BOTE 8 PK H- C 24/355ML CT         365
3    3000060               BUDWEISER BOTE 6 PK 24/12 OZ         365
4    3000061               BUDWEISER 6 PACK 24/12 OZ CM         365
..       ...                                        ...         ...
235  3018199    PACIFICO SUAVE BOTE 4PKH-C 24/473 ML CT         360
236  3018347  Victoria Chamoy bote 6 pack 21/473 ML MAQ         360
237  3018373        CORONITA CERO 24 PACK 24/2130 ML NR         360
238  3018427            Negra Modelo Cero 6pk 12/355 NR         180
239  3018438     MODELO DORADA CERO 6 PACK 12/355 ML NR         180

[240 rows x 3 columns]
frescures.py:58 src.frescures: FRRESCURAS: 01/12/2025
frescures.py:58 src.frescures: FRRESCURAS: 03/06/2025
frescures.py:58 src.frescures: FRRESCURAS: 06/10/2025
main.py:38 __main__: Proceso terminado correctamente.
frescures.py:54 src.frescures: Filtradas: [['3010443', 'L315', '01/12/2025'], ['1234567', 'F135', '03/06/2025'], ['0987654', 'J265', '06/10/2025']]
main.py:40 __main__: Error en el proceso de generación del modelo: {e}
Traceback (most recent call last):
  File "/usr/local/python/3.12.1/lib/python3.12/site-packages/pandas/core/indexes/base.py", line 3812, in get_loc
    return self._engine.get_loc(casted_key)
           ^^^^^^^^^^^^^^^^^^^^^^^^^^^^^^^^
  File "pandas/_libs/index.pyx", line 167, in pandas._libs.index.IndexEngine.get_loc
  File "pandas/_libs/index.pyx", line 196, in pandas._libs.index.IndexEngine.get_loc
  File "pandas/_libs/hashtable_class_helper.pxi", line 7088, in pandas._libs.hashtable.PyObjectHashTable.get_item
  File "pandas/_libs/hashtable_class_helper.pxi", line 7096, in pandas._libs.hashtable.PyObjectHashTable.get_item
KeyError: 'SHELF_LIFE'

The above exception was the direct cause of the following exception:

Traceback (most recent call last):
  File "/workspaces/automatizer/main.py", line 36, in <module>
    automatizer = Automatizer(SHELF_TIMES, PROJECT_ROOT)
                  ^^^^^^^^^^^^^^^^^^^^^^^^^^^^^^^^^^^^^^
  File "/workspaces/automatizer/src/frescures.py", line 16, in __init__
    self.get_dates(self.shelf_table)
  File "/workspaces/automatizer/src/frescures.py", line 55, in get_dates
    sumar_dias = shelf_table["SHELF_LIFE"]
                 ~~~~~~~~~~~^^^^^^^^^^^^^^
  File "/usr/local/python/3.12.1/lib/python3.12/site-packages/pandas/core/frame.py", line 4113, in __getitem__
    indexer = self.columns.get_loc(key)
              ^^^^^^^^^^^^^^^^^^^^^^^^^
  File "/usr/local/python/3.12.1/lib/python3.12/site-packages/pandas/core/indexes/base.py", line 3819, in get_loc
    raise KeyError(key) from err
KeyError: 'SHELF_LIFE'
frescures.py:54 src.frescures: Filtradas: [['3010443', 'L315', '01/12/2025'], ['1234567', 'F135', '03/06/2025'], ['0987654', 'J265', '06/10/2025']]
main.py:40 __main__: Error en el proceso de generación del modelo: {e}
Traceback (most recent call last):
  File "/usr/local/python/3.12.1/lib/python3.12/site-packages/pandas/core/indexes/base.py", line 3812, in get_loc
    return self._engine.get_loc(casted_key)
           ^^^^^^^^^^^^^^^^^^^^^^^^^^^^^^^^
  File "pandas/_libs/index.pyx", line 167, in pandas._libs.index.IndexEngine.get_loc
  File "pandas/_libs/index.pyx", line 196, in pandas._libs.index.IndexEngine.get_loc
  File "pandas/_libs/hashtable_class_helper.pxi", line 7088, in pandas._libs.hashtable.PyObjectHashTable.get_item
  File "pandas/_libs/hashtable_class_helper.pxi", line 7096, in pandas._libs.hashtable.PyObjectHashTable.get_item
KeyError: 'CODIGO'

The above exception was the direct cause of the following exception:

Traceback (most recent call last):
  File "/workspaces/automatizer/main.py", line 36, in <module>
    automatizer = Automatizer(SHELF_TIMES, PROJECT_ROOT)
                  ^^^^^^^^^^^^^^^^^^^^^^^^^^^^^^^^^^^^^^
  File "/workspaces/automatizer/src/frescures.py", line 16, in __init__
    self.get_dates(self.shelf_table)
  File "/workspaces/automatizer/src/frescures.py", line 57, in get_dates
    sumar_dias = shelf_table[[shelf_table["CODIGO"].str.upper() == sku.upper()]["SHELF_LIFE"].iloc[0]]
                              ~~~~~~~~~~~^^^^^^^^^^
  File "/usr/local/python/3.12.1/lib/python3.12/site-packages/pandas/core/frame.py", line 4113, in __getitem__
    indexer = self.columns.get_loc(key)
              ^^^^^^^^^^^^^^^^^^^^^^^^^
  File "/usr/local/python/3.12.1/lib/python3.12/site-packages/pandas/core/indexes/base.py", line 3819, in get_loc
    raise KeyError(key) from err
KeyError: 'CODIGO'
frescures.py:54 src.frescures: Filtradas: [['3010443', 'L315', '01/12/2025'], ['1234567', 'F135', '03/06/2025'], ['0987654', 'J265', '06/10/2025']]
main.py:40 __main__: Error en el proceso de generación del modelo: {e}
Traceback (most recent call last):
  File "/workspaces/automatizer/main.py", line 36, in <module>
    automatizer = Automatizer(SHELF_TIMES, PROJECT_ROOT)
                  ^^^^^^^^^^^^^^^^^^^^^^^^^^^^^^^^^^^^^^
  File "/workspaces/automatizer/src/frescures.py", line 16, in __init__
    self.get_dates(self.shelf_table)
  File "/workspaces/automatizer/src/frescures.py", line 57, in get_dates
    sumar_dias = shelf_table[[shelf_table["CODIGO"].str.upper() == sku.upper()]["SHELF_LIFE"].iloc[0]]
                              ^^^^^^^^^^^^^^^^^^^^^^^^^
  File "/usr/local/python/3.12.1/lib/python3.12/site-packages/pandas/core/generic.py", line 6321, in __getattr__
    return object.__getattribute__(self, name)
           ^^^^^^^^^^^^^^^^^^^^^^^^^^^^^^^^^^^
  File "/usr/local/python/3.12.1/lib/python3.12/site-packages/pandas/core/accessor.py", line 224, in __get__
    accessor_obj = self._accessor(obj)
                   ^^^^^^^^^^^^^^^^^^^
  File "/usr/local/python/3.12.1/lib/python3.12/site-packages/pandas/core/strings/accessor.py", line 194, in __init__
    self._inferred_dtype = self._validate(data)
                           ^^^^^^^^^^^^^^^^^^^^
  File "/usr/local/python/3.12.1/lib/python3.12/site-packages/pandas/core/strings/accessor.py", line 248, in _validate
    raise AttributeError("Can only use .str accessor with string values!")
AttributeError: Can only use .str accessor with string values!. Did you mean: 'std'?
frescures.py:54 src.frescures: Filtradas: [['3010443', 'L315', '01/12/2025'], ['1234567', 'F135', '03/06/2025'], ['0987654', 'J265', '06/10/2025']]
frescures.py:57 src.frescures: SKU: 3010443
main.py:40 __main__: Error en el proceso de generación del modelo: {e}
Traceback (most recent call last):
  File "/workspaces/automatizer/main.py", line 36, in <module>
    automatizer = Automatizer(SHELF_TIMES, PROJECT_ROOT)
                  ^^^^^^^^^^^^^^^^^^^^^^^^^^^^^^^^^^^^^^
  File "/workspaces/automatizer/src/frescures.py", line 16, in __init__
    self.get_dates(self.shelf_table)
  File "/workspaces/automatizer/src/frescures.py", line 58, in get_dates
    sumar_dias = shelf_table[[shelf_table["CODIGO"].str.upper() == sku.upper()]["SHELF_LIFE"].iloc[0]]
                              ^^^^^^^^^^^^^^^^^^^^^^^^^
  File "/usr/local/python/3.12.1/lib/python3.12/site-packages/pandas/core/generic.py", line 6321, in __getattr__
    return object.__getattribute__(self, name)
           ^^^^^^^^^^^^^^^^^^^^^^^^^^^^^^^^^^^
  File "/usr/local/python/3.12.1/lib/python3.12/site-packages/pandas/core/accessor.py", line 224, in __get__
    accessor_obj = self._accessor(obj)
                   ^^^^^^^^^^^^^^^^^^^
  File "/usr/local/python/3.12.1/lib/python3.12/site-packages/pandas/core/strings/accessor.py", line 194, in __init__
    self._inferred_dtype = self._validate(data)
                           ^^^^^^^^^^^^^^^^^^^^
  File "/usr/local/python/3.12.1/lib/python3.12/site-packages/pandas/core/strings/accessor.py", line 248, in _validate
    raise AttributeError("Can only use .str accessor with string values!")
AttributeError: Can only use .str accessor with string values!. Did you mean: 'std'?
frescures.py:54 src.frescures: Filtradas: [['3010443', 'L315', '01/12/2025'], ['1234567', 'F135', '03/06/2025'], ['0987654', 'J265', '06/10/2025']]
frescures.py:57 src.frescures: SKU: 3010443
main.py:40 __main__: Error en el proceso de generación del modelo: {e}
Traceback (most recent call last):
  File "/workspaces/automatizer/main.py", line 36, in <module>
    automatizer = Automatizer(SHELF_TIMES, PROJECT_ROOT)
                  ^^^^^^^^^^^^^^^^^^^^^^^^^^^^^^^^^^^^^^
  File "/workspaces/automatizer/src/frescures.py", line 16, in __init__
    self.get_dates(self.shelf_table)
  File "/workspaces/automatizer/src/frescures.py", line 58, in get_dates
    sumar_dias = shelf_table[[shelf_table["CODIGO"].str.upper() == sku.upper()]["SHELF_LIFE"].iloc[0]]
                              ^^^^^^^^^^^^^^^^^^^^^^^^^
  File "/usr/local/python/3.12.1/lib/python3.12/site-packages/pandas/core/generic.py", line 6321, in __getattr__
    return object.__getattribute__(self, name)
           ^^^^^^^^^^^^^^^^^^^^^^^^^^^^^^^^^^^
  File "/usr/local/python/3.12.1/lib/python3.12/site-packages/pandas/core/accessor.py", line 224, in __get__
    accessor_obj = self._accessor(obj)
                   ^^^^^^^^^^^^^^^^^^^
  File "/usr/local/python/3.12.1/lib/python3.12/site-packages/pandas/core/strings/accessor.py", line 194, in __init__
    self._inferred_dtype = self._validate(data)
                           ^^^^^^^^^^^^^^^^^^^^
  File "/usr/local/python/3.12.1/lib/python3.12/site-packages/pandas/core/strings/accessor.py", line 248, in _validate
    raise AttributeError("Can only use .str accessor with string values!")
AttributeError: Can only use .str accessor with string values!. Did you mean: 'std'?
frescures.py:54 src.frescures: Filtradas: [['3010443', 'L315', '01/12/2025'], ['1234567', 'F135', '03/06/2025'], ['0987654', 'J265', '06/10/2025']]
frescures.py:57 src.frescures: SKU: 3010443
main.py:40 __main__: Error en el proceso de generación del modelo: {e}
Traceback (most recent call last):
  File "/workspaces/automatizer/main.py", line 36, in <module>
    automatizer = Automatizer(SHELF_TIMES, PROJECT_ROOT)
                  ^^^^^^^^^^^^^^^^^^^^^^^^^^^^^^^^^^^^^^
  File "/workspaces/automatizer/src/frescures.py", line 16, in __init__
    self.get_dates(self.shelf_table)
  File "/workspaces/automatizer/src/frescures.py", line 58, in get_dates
    sumar_dias = shelf_table[[shelf_table["CODIGO"].str.upper() == sku.upper()]["SHELF_LIFE"].iloc[0]]
                              ^^^^^^^^^^^^^^^^^^^^^^^^^
  File "/usr/local/python/3.12.1/lib/python3.12/site-packages/pandas/core/generic.py", line 6321, in __getattr__
    return object.__getattribute__(self, name)
           ^^^^^^^^^^^^^^^^^^^^^^^^^^^^^^^^^^^
  File "/usr/local/python/3.12.1/lib/python3.12/site-packages/pandas/core/accessor.py", line 224, in __get__
    accessor_obj = self._accessor(obj)
                   ^^^^^^^^^^^^^^^^^^^
  File "/usr/local/python/3.12.1/lib/python3.12/site-packages/pandas/core/strings/accessor.py", line 194, in __init__
    self._inferred_dtype = self._validate(data)
                           ^^^^^^^^^^^^^^^^^^^^
  File "/usr/local/python/3.12.1/lib/python3.12/site-packages/pandas/core/strings/accessor.py", line 248, in _validate
    raise AttributeError("Can only use .str accessor with string values!")
AttributeError: Can only use .str accessor with string values!. Did you mean: 'std'?
frescures.py:54 src.frescures: Filtradas: [['3010443', 'L315', '01/12/2025'], ['1234567', 'F135', '03/06/2025'], ['0987654', 'J265', '06/10/2025']]
frescures.py:57 src.frescures: SKU: 3010443
main.py:40 __main__: Error en el proceso de generación del modelo: {e}
Traceback (most recent call last):
  File "/workspaces/automatizer/main.py", line 36, in <module>
    automatizer = Automatizer(SHELF_TIMES, PROJECT_ROOT)
                  ^^^^^^^^^^^^^^^^^^^^^^^^^^^^^^^^^^^^^^
  File "/workspaces/automatizer/src/frescures.py", line 16, in __init__
    self.get_dates(self.shelf_table)
  File "/workspaces/automatizer/src/frescures.py", line 58, in get_dates
    sumar_dias = shelf_table[[shelf_table['CODIGO'].str.upper() == sku.upper()]["SHELF_LIFE"].iloc[0]]
                              ^^^^^^^^^^^^^^^^^^^^^^^^^
  File "/usr/local/python/3.12.1/lib/python3.12/site-packages/pandas/core/generic.py", line 6321, in __getattr__
    return object.__getattribute__(self, name)
           ^^^^^^^^^^^^^^^^^^^^^^^^^^^^^^^^^^^
  File "/usr/local/python/3.12.1/lib/python3.12/site-packages/pandas/core/accessor.py", line 224, in __get__
    accessor_obj = self._accessor(obj)
                   ^^^^^^^^^^^^^^^^^^^
  File "/usr/local/python/3.12.1/lib/python3.12/site-packages/pandas/core/strings/accessor.py", line 194, in __init__
    self._inferred_dtype = self._validate(data)
                           ^^^^^^^^^^^^^^^^^^^^
  File "/usr/local/python/3.12.1/lib/python3.12/site-packages/pandas/core/strings/accessor.py", line 248, in _validate
    raise AttributeError("Can only use .str accessor with string values!")
AttributeError: Can only use .str accessor with string values!. Did you mean: 'std'?
frescures.py:54 src.frescures: Filtradas: [['3010443', 'L315', '01/12/2025'], ['1234567', 'F135', '03/06/2025'], ['0987654', 'J265', '06/10/2025']]
frescures.py:57 src.frescures: SKU: 3010443
main.py:40 __main__: Error en el proceso de generación del modelo: {e}
Traceback (most recent call last):
  File "/workspaces/automatizer/main.py", line 36, in <module>
    automatizer = Automatizer(SHELF_TIMES, PROJECT_ROOT)
                  ^^^^^^^^^^^^^^^^^^^^^^^^^^^^^^^^^^^^^^
  File "/workspaces/automatizer/src/frescures.py", line 16, in __init__
    self.get_dates(self.shelf_table)
  File "/workspaces/automatizer/src/frescures.py", line 58, in get_dates
    sumar_dias = shelf_table[shelf_table['CODIGO'].str.upper() == sku.upper()]["SHELF_LIFE"].iloc[0]
                             ^^^^^^^^^^^^^^^^^^^^^^^^^
  File "/usr/local/python/3.12.1/lib/python3.12/site-packages/pandas/core/generic.py", line 6321, in __getattr__
    return object.__getattribute__(self, name)
           ^^^^^^^^^^^^^^^^^^^^^^^^^^^^^^^^^^^
  File "/usr/local/python/3.12.1/lib/python3.12/site-packages/pandas/core/accessor.py", line 224, in __get__
    accessor_obj = self._accessor(obj)
                   ^^^^^^^^^^^^^^^^^^^
  File "/usr/local/python/3.12.1/lib/python3.12/site-packages/pandas/core/strings/accessor.py", line 194, in __init__
    self._inferred_dtype = self._validate(data)
                           ^^^^^^^^^^^^^^^^^^^^
  File "/usr/local/python/3.12.1/lib/python3.12/site-packages/pandas/core/strings/accessor.py", line 248, in _validate
    raise AttributeError("Can only use .str accessor with string values!")
AttributeError: Can only use .str accessor with string values!. Did you mean: 'std'?
frescures.py:54 src.frescures: Filtradas: [['3010443', 'L315', '01/12/2025'], ['1234567', 'F135', '03/06/2025'], ['0987654', 'J265', '06/10/2025']]
frescures.py:57 src.frescures: SKU: 3010443
main.py:40 __main__: Error en el proceso de generación del modelo: {e}
Traceback (most recent call last):
  File "/workspaces/automatizer/main.py", line 36, in <module>
    automatizer = Automatizer(SHELF_TIMES, PROJECT_ROOT)
                  ^^^^^^^^^^^^^^^^^^^^^^^^^^^^^^^^^^^^^^
  File "/workspaces/automatizer/src/frescures.py", line 16, in __init__
    self.get_dates(self.shelf_table)
  File "/workspaces/automatizer/src/frescures.py", line 58, in get_dates
    sumar_dias = shelf_table[shelf_table['CODIGO'].upper() == sku.upper()]["SHELF_LIFE"].iloc[0]
                             ^^^^^^^^^^^^^^^^^^^^^^^^^^^
  File "/usr/local/python/3.12.1/lib/python3.12/site-packages/pandas/core/generic.py", line 6321, in __getattr__
    return object.__getattribute__(self, name)
           ^^^^^^^^^^^^^^^^^^^^^^^^^^^^^^^^^^^
AttributeError: 'Series' object has no attribute 'upper'
frescures.py:54 src.frescures: Filtradas: [['3010443', 'L315', '01/12/2025'], ['1234567', 'F135', '03/06/2025'], ['0987654', 'J265', '06/10/2025']]
frescures.py:57 src.frescures: SKU: 3010443
main.py:40 __main__: Error en el proceso de generación del modelo: {e}
Traceback (most recent call last):
  File "/usr/local/python/3.12.1/lib/python3.12/site-packages/pandas/core/indexes/base.py", line 3812, in get_loc
    return self._engine.get_loc(casted_key)
           ^^^^^^^^^^^^^^^^^^^^^^^^^^^^^^^^
  File "pandas/_libs/index.pyx", line 167, in pandas._libs.index.IndexEngine.get_loc
  File "pandas/_libs/index.pyx", line 196, in pandas._libs.index.IndexEngine.get_loc
  File "pandas/_libs/hashtable_class_helper.pxi", line 7088, in pandas._libs.hashtable.PyObjectHashTable.get_item
  File "pandas/_libs/hashtable_class_helper.pxi", line 7096, in pandas._libs.hashtable.PyObjectHashTable.get_item
KeyError: 'SHELF_LIFE'

The above exception was the direct cause of the following exception:

Traceback (most recent call last):
  File "/workspaces/automatizer/main.py", line 36, in <module>
    automatizer = Automatizer(SHELF_TIMES, PROJECT_ROOT)
                  ^^^^^^^^^^^^^^^^^^^^^^^^^^^^^^^^^^^^^^
  File "/workspaces/automatizer/src/frescures.py", line 16, in __init__
    self.get_dates(self.shelf_table)
  File "/workspaces/automatizer/src/frescures.py", line 58, in get_dates
    sumar_dias = shelf_table[shelf_table['CODIGO'] == sku.upper()]["SHELF_LIFE"].iloc[0]
                 ~~~~~~~~~~~~~~~~~~~~~~~~~~~~~~~~~~~~~~~~~~~~~~~~~^^^^^^^^^^^^^^
  File "/usr/local/python/3.12.1/lib/python3.12/site-packages/pandas/core/frame.py", line 4113, in __getitem__
    indexer = self.columns.get_loc(key)
              ^^^^^^^^^^^^^^^^^^^^^^^^^
  File "/usr/local/python/3.12.1/lib/python3.12/site-packages/pandas/core/indexes/base.py", line 3819, in get_loc
    raise KeyError(key) from err
KeyError: 'SHELF_LIFE'
frescures.py:54 src.frescures: Filtradas: [['3010443', 'L315', '01/12/2025'], ['1234567', 'F135', '03/06/2025'], ['0987654', 'J265', '06/10/2025']]
frescures.py:57 src.frescures: SKU: 3010443
main.py:40 __main__: Error en el proceso de generación del modelo: {e}
Traceback (most recent call last):
  File "/workspaces/automatizer/main.py", line 36, in <module>
    automatizer = Automatizer(SHELF_TIMES, PROJECT_ROOT)
                  ^^^^^^^^^^^^^^^^^^^^^^^^^^^^^^^^^^^^^^
  File "/workspaces/automatizer/src/frescures.py", line 16, in __init__
    self.get_dates(self.shelf_table)
  File "/workspaces/automatizer/src/frescures.py", line 58, in get_dates
    sumar_dias = shelf_table[shelf_table['CODIGO'] == sku.upper()]["SHELF_LIFE"].iloc[0]
                 ~~~~~~~~~~~~~~~~~~~~~~~~~~~~~~~~~~~~~~~~~~~~~~~~~~~~~~~~~~~~~~~~~~~~^^^
  File "/usr/local/python/3.12.1/lib/python3.12/site-packages/pandas/core/indexing.py", line 1192, in __getitem__
    return self._getitem_axis(maybe_callable, axis=axis)
           ^^^^^^^^^^^^^^^^^^^^^^^^^^^^^^^^^^^^^^^^^^^^^
  File "/usr/local/python/3.12.1/lib/python3.12/site-packages/pandas/core/indexing.py", line 1753, in _getitem_axis
    self._validate_integer(key, axis)
  File "/usr/local/python/3.12.1/lib/python3.12/site-packages/pandas/core/indexing.py", line 1686, in _validate_integer
    raise IndexError("single positional indexer is out-of-bounds")
IndexError: single positional indexer is out-of-bounds
frescures.py:54 src.frescures: Filtradas: [['3010443', 'L315', '01/12/2025'], ['1234567', 'F135', '03/06/2025'], ['0987654', 'J265', '06/10/2025']]
frescures.py:57 src.frescures: SKU: 3010443
main.py:40 __main__: Error en el proceso de generación del modelo: {e}
Traceback (most recent call last):
  File "/workspaces/automatizer/main.py", line 36, in <module>
    automatizer = Automatizer(SHELF_TIMES, PROJECT_ROOT)
                  ^^^^^^^^^^^^^^^^^^^^^^^^^^^^^^^^^^^^^^
  File "/workspaces/automatizer/src/frescures.py", line 16, in __init__
    self.get_dates(self.shelf_table)
  File "/workspaces/automatizer/src/frescures.py", line 58, in get_dates
    sumar_dias = shelf_table['CODIGO'] == sku.upper()["SHELF_LIFE"].iloc[0]
                                          ~~~~~~~~~~~^^^^^^^^^^^^^^
TypeError: string indices must be integers, not 'str'
frescures.py:54 src.frescures: Filtradas: [['3010443', 'L315', '01/12/2025'], ['1234567', 'F135', '03/06/2025'], ['0987654', 'J265', '06/10/2025']]
frescures.py:59 src.frescures: SKU: 3010443
main.py:40 __main__: Error en el proceso de generación del modelo: {e}
Traceback (most recent call last):
  File "/workspaces/automatizer/main.py", line 36, in <module>
    automatizer = Automatizer(SHELF_TIMES, PROJECT_ROOT)
                  ^^^^^^^^^^^^^^^^^^^^^^^^^^^^^^^^^^^^^^
  File "/workspaces/automatizer/src/frescures.py", line 16, in __init__
    self.get_dates(self.shelf_table)
  File "/workspaces/automatizer/src/frescures.py", line 79, in get_dates
    fecha_consumo_preferente = fecha_base + timedelta(days=shelf_life_days)
                               ~~~~~~~~~~~^~~~~~~~~~~~~~~~~~~~~~~~~~~~~~~~~
TypeError: can only concatenate str (not "datetime.timedelta") to str
frescures.py:54 src.frescures: Filtradas: [['3010443', 'L315', '01/12/2025'], ['1234567', 'F135', '03/06/2025'], ['0987654', 'J265', '06/10/2025']]
frescures.py:59 src.frescures: SKU: 3010443
frescures.py:80 src.frescures: Código L315 → fecha base 01/12/2025 + 360 días
frescures.py:59 src.frescures: SKU: 1234567
frescures.py:75 src.frescures: SKU 1234567 no encontrado en tabla de shelf life.
frescures.py:59 src.frescures: SKU: 0987654
frescures.py:75 src.frescures: SKU 0987654 no encontrado en tabla de shelf life.
main.py:38 __main__: Proceso terminado correctamente.
frescures.py:46 src.frescures: Valid: [['3010443', 'L315', '01/12/2025'], ['1234567', 'F135', '03/06/2025'], ['0987654', 'J265', '06/10/2025']]
frescures.py:54 src.frescures: Filtradas: [['3010443', 'L315', '01/12/2025'], ['1234567', 'F135', '03/06/2025'], ['0987654', 'J265', '06/10/2025']]
frescures.py:74 src.frescures: SKU 1234567 no encontrado en tabla de shelf life.
frescures.py:74 src.frescures: SKU 0987654 no encontrado en tabla de shelf life.
main.py:38 __main__: Proceso terminado correctamente.
frescures.py:46 src.frescures: Valid: [['3010443', 'L315', '31/12/2025'], ['1234567', 'F135', '13/06/2025'], ['0987654', 'J265', '26/10/2025']]
frescures.py:54 src.frescures: Filtradas: [['3010443', 'L315', '31/12/2025'], ['1234567', 'F135', '13/06/2025'], ['0987654', 'J265', '26/10/2025']]
frescures.py:74 src.frescures: SKU 1234567 no encontrado en tabla de shelf life.
frescures.py:74 src.frescures: SKU 0987654 no encontrado en tabla de shelf life.
main.py:38 __main__: Proceso terminado correctamente.
frescures.py:46 src.frescures: Valid: [['3010443', 'L315', '31/12/2025'], ['1234567', 'F135', '13/06/2025'], ['0987654', 'J265', '26/10/2025']]
frescures.py:54 src.frescures: Filtradas: [['3010443', 'L315', '31/12/2025'], ['1234567', 'F135', '13/06/2025'], ['0987654', 'J265', '26/10/2025']]
main.py:40 __main__: Error en el proceso de generación del modelo: {e}
Traceback (most recent call last):
  File "/workspaces/automatizer/main.py", line 36, in <module>
    automatizer = Automatizer(SHELF_TIMES, PROJECT_ROOT)
                  ^^^^^^^^^^^^^^^^^^^^^^^^^^^^^^^^^^^^^^
  File "/workspaces/automatizer/src/frescures.py", line 16, in __init__
    self.get_dates(self.shelf_table)
  File "/workspaces/automatizer/src/frescures.py", line 58, in get_dates
    fecha_base = int(frescure[2])
                 ^^^^^^^^^^^^^^^^
ValueError: invalid literal for int() with base 10: '31/12/2025'
frescures.py:46 src.frescures: Valid: [['3010443', 'L315', '31/12/2025'], ['1234567', 'F135', '13/06/2025'], ['0987654', 'J265', '26/10/2025']]
frescures.py:54 src.frescures: Filtradas: [['3010443', 'L315', '31/12/2025'], ['1234567', 'F135', '13/06/2025'], ['0987654', 'J265', '26/10/2025']]
main.py:40 __main__: Error en el proceso de generación del modelo: {e}
Traceback (most recent call last):
  File "/workspaces/automatizer/main.py", line 36, in <module>
    automatizer = Automatizer(SHELF_TIMES, PROJECT_ROOT)
                  ^^^^^^^^^^^^^^^^^^^^^^^^^^^^^^^^^^^^^^
  File "/workspaces/automatizer/src/frescures.py", line 16, in __init__
    self.get_dates(self.shelf_table)
  File "/workspaces/automatizer/src/frescures.py", line 78, in get_dates
    fecha_consumo_preferente = fecha_base + timedelta(days=shelf_life_days)
                               ~~~~~~~~~~~^~~~~~~~~~~~~~~~~~~~~~~~~~~~~~~~~
TypeError: can only concatenate str (not "datetime.timedelta") to str
frescures.py:46 src.frescures: Valid: [['3010443', 'L315', '31/12/2025'], ['1234567', 'F135', '13/06/2025'], ['0987654', 'J265', '26/10/2025']]
frescures.py:54 src.frescures: Filtradas: [['3010443', 'L315', '31/12/2025'], ['1234567', 'F135', '13/06/2025'], ['0987654', 'J265', '26/10/2025']]
frescures.py:59 src.frescures: <class 'str'>
main.py:40 __main__: Error en el proceso de generación del modelo: {e}
Traceback (most recent call last):
  File "/workspaces/automatizer/main.py", line 36, in <module>
    automatizer = Automatizer(SHELF_TIMES, PROJECT_ROOT)
                  ^^^^^^^^^^^^^^^^^^^^^^^^^^^^^^^^^^^^^^
  File "/workspaces/automatizer/src/frescures.py", line 16, in __init__
    self.get_dates(self.shelf_table)
  File "/workspaces/automatizer/src/frescures.py", line 79, in get_dates
    fecha_consumo_preferente = fecha_base + timedelta(days=shelf_life_days)
                               ~~~~~~~~~~~^~~~~~~~~~~~~~~~~~~~~~~~~~~~~~~~~
TypeError: can only concatenate str (not "datetime.timedelta") to str
frescures.py:46 src.frescures: Valid: [['3010443', 'L315', '31/12/2025'], ['1234567', 'F135', '13/06/2025'], ['0987654', 'J265', '26/10/2025']]
frescures.py:54 src.frescures: Filtradas: [['3010443', 'L315', '31/12/2025'], ['1234567', 'F135', '13/06/2025'], ['0987654', 'J265', '26/10/2025']]
frescures.py:59 src.frescures: <class 'datetime.datetime'>
frescures.py:80 src.frescures: Código L315 → fecha base 2025-12-31 00:00:00 + 360 días = 2026-12-26 00:00:00
frescures.py:59 src.frescures: <class 'datetime.datetime'>
frescures.py:75 src.frescures: SKU 1234567 no encontrado en tabla de shelf life.
frescures.py:59 src.frescures: <class 'datetime.datetime'>
frescures.py:75 src.frescures: SKU 0987654 no encontrado en tabla de shelf life.
main.py:38 __main__: Proceso terminado correctamente.
